Archive member included to satisfy reference by file (symbol)

E:/CUBEIDE/STM32CubeIDE_1.13.1/STM32CubeIDE/plugins/com.st.stm32cube.ide.mcu.externaltools.gnu-tools-for-stm32.11.3.rel1.win32_1.1.0.202305231506/tools/bin/../lib/gcc/arm-none-eabi/11.3.1/../../../../arm-none-eabi/lib/thumb/v7e-m+fp/hard\libc_nano.a(libc_a-calloc.o)
                              ./Core/Src/system.o (calloc)
E:/CUBEIDE/STM32CubeIDE_1.13.1/STM32CubeIDE/plugins/com.st.stm32cube.ide.mcu.externaltools.gnu-tools-for-stm32.11.3.rel1.win32_1.1.0.202305231506/tools/bin/../lib/gcc/arm-none-eabi/11.3.1/../../../../arm-none-eabi/lib/thumb/v7e-m+fp/hard\libc_nano.a(libc_a-callocr.o)
                              E:/CUBEIDE/STM32CubeIDE_1.13.1/STM32CubeIDE/plugins/com.st.stm32cube.ide.mcu.externaltools.gnu-tools-for-stm32.11.3.rel1.win32_1.1.0.202305231506/tools/bin/../lib/gcc/arm-none-eabi/11.3.1/../../../../arm-none-eabi/lib/thumb/v7e-m+fp/hard\libc_nano.a(libc_a-calloc.o) (_calloc_r)
E:/CUBEIDE/STM32CubeIDE_1.13.1/STM32CubeIDE/plugins/com.st.stm32cube.ide.mcu.externaltools.gnu-tools-for-stm32.11.3.rel1.win32_1.1.0.202305231506/tools/bin/../lib/gcc/arm-none-eabi/11.3.1/../../../../arm-none-eabi/lib/thumb/v7e-m+fp/hard\libc_nano.a(libc_a-exit.o)
                              E:/CUBEIDE/STM32CubeIDE_1.13.1/STM32CubeIDE/plugins/com.st.stm32cube.ide.mcu.externaltools.gnu-tools-for-stm32.11.3.rel1.win32_1.1.0.202305231506/tools/bin/../lib/gcc/arm-none-eabi/11.3.1/../../../../arm-none-eabi/lib/thumb/v7e-m+fp/hard/crt0.o (exit)
E:/CUBEIDE/STM32CubeIDE_1.13.1/STM32CubeIDE/plugins/com.st.stm32cube.ide.mcu.externaltools.gnu-tools-for-stm32.11.3.rel1.win32_1.1.0.202305231506/tools/bin/../lib/gcc/arm-none-eabi/11.3.1/../../../../arm-none-eabi/lib/thumb/v7e-m+fp/hard\libc_nano.a(libc_a-malloc.o)
                              ./Core/Src/File_Handling.o (malloc)
E:/CUBEIDE/STM32CubeIDE_1.13.1/STM32CubeIDE/plugins/com.st.stm32cube.ide.mcu.externaltools.gnu-tools-for-stm32.11.3.rel1.win32_1.1.0.202305231506/tools/bin/../lib/gcc/arm-none-eabi/11.3.1/../../../../arm-none-eabi/lib/thumb/v7e-m+fp/hard\libc_nano.a(libc_a-mallocr.o)
                              E:/CUBEIDE/STM32CubeIDE_1.13.1/STM32CubeIDE/plugins/com.st.stm32cube.ide.mcu.externaltools.gnu-tools-for-stm32.11.3.rel1.win32_1.1.0.202305231506/tools/bin/../lib/gcc/arm-none-eabi/11.3.1/../../../../arm-none-eabi/lib/thumb/v7e-m+fp/hard\libc_nano.a(libc_a-callocr.o) (_malloc_r)
E:/CUBEIDE/STM32CubeIDE_1.13.1/STM32CubeIDE/plugins/com.st.stm32cube.ide.mcu.externaltools.gnu-tools-for-stm32.11.3.rel1.win32_1.1.0.202305231506/tools/bin/../lib/gcc/arm-none-eabi/11.3.1/../../../../arm-none-eabi/lib/thumb/v7e-m+fp/hard\libc_nano.a(libc_a-mlock.o)
                              E:/CUBEIDE/STM32CubeIDE_1.13.1/STM32CubeIDE/plugins/com.st.stm32cube.ide.mcu.externaltools.gnu-tools-for-stm32.11.3.rel1.win32_1.1.0.202305231506/tools/bin/../lib/gcc/arm-none-eabi/11.3.1/../../../../arm-none-eabi/lib/thumb/v7e-m+fp/hard\libc_nano.a(libc_a-mallocr.o) (__malloc_lock)
E:/CUBEIDE/STM32CubeIDE_1.13.1/STM32CubeIDE/plugins/com.st.stm32cube.ide.mcu.externaltools.gnu-tools-for-stm32.11.3.rel1.win32_1.1.0.202305231506/tools/bin/../lib/gcc/arm-none-eabi/11.3.1/../../../../arm-none-eabi/lib/thumb/v7e-m+fp/hard\libc_nano.a(libc_a-findfp.o)
                              E:/CUBEIDE/STM32CubeIDE_1.13.1/STM32CubeIDE/plugins/com.st.stm32cube.ide.mcu.externaltools.gnu-tools-for-stm32.11.3.rel1.win32_1.1.0.202305231506/tools/bin/../lib/gcc/arm-none-eabi/11.3.1/../../../../arm-none-eabi/lib/thumb/v7e-m+fp/hard\libc_nano.a(libc_a-exit.o) (__stdio_exit_handler)
E:/CUBEIDE/STM32CubeIDE_1.13.1/STM32CubeIDE/plugins/com.st.stm32cube.ide.mcu.externaltools.gnu-tools-for-stm32.11.3.rel1.win32_1.1.0.202305231506/tools/bin/../lib/gcc/arm-none-eabi/11.3.1/../../../../arm-none-eabi/lib/thumb/v7e-m+fp/hard\libc_nano.a(libc_a-fwalk.o)
                              E:/CUBEIDE/STM32CubeIDE_1.13.1/STM32CubeIDE/plugins/com.st.stm32cube.ide.mcu.externaltools.gnu-tools-for-stm32.11.3.rel1.win32_1.1.0.202305231506/tools/bin/../lib/gcc/arm-none-eabi/11.3.1/../../../../arm-none-eabi/lib/thumb/v7e-m+fp/hard\libc_nano.a(libc_a-findfp.o) (_fwalk_sglue)
E:/CUBEIDE/STM32CubeIDE_1.13.1/STM32CubeIDE/plugins/com.st.stm32cube.ide.mcu.externaltools.gnu-tools-for-stm32.11.3.rel1.win32_1.1.0.202305231506/tools/bin/../lib/gcc/arm-none-eabi/11.3.1/../../../../arm-none-eabi/lib/thumb/v7e-m+fp/hard\libc_nano.a(libc_a-sprintf.o)
                              ./Core/Src/File_Handling.o (sprintf)
E:/CUBEIDE/STM32CubeIDE_1.13.1/STM32CubeIDE/plugins/com.st.stm32cube.ide.mcu.externaltools.gnu-tools-for-stm32.11.3.rel1.win32_1.1.0.202305231506/tools/bin/../lib/gcc/arm-none-eabi/11.3.1/../../../../arm-none-eabi/lib/thumb/v7e-m+fp/hard\libc_nano.a(libc_a-stdio.o)
[...]
Memory Configuration

Name             Origin             Length             Attributes
CCMRAM           0x0000000010000000 0x0000000000010000 xrw
RAM              0x0000000020000000 0x0000000000020000 xrw
FLASH            0x0000000008000000 0x0000000000100000 xr
*default*        0x0000000000000000 0xffffffffffffffff

Linker script and memory map

LOAD E:/CUBEIDE/STM32CubeIDE_1.13.1/STM32CubeIDE/plugins/com.st.stm32cube.ide.mcu.externaltools.gnu-tools-for-stm32.11.3.rel1.win32_1.1.0.202305231506/tools/bin/../lib/gcc/arm-none-eabi/11.3.1/thumb/v7e-m+fp/hard/crti.o
LOAD E:/CUBEIDE/STM32CubeIDE_1.13.1/STM32CubeIDE/plugins/com.st.stm32cube.ide.mcu.externaltools.gnu-tools-for-stm32.11.3.rel1.win32_1.1.0.202305231506/tools/bin/../lib/gcc/arm-none-eabi/11.3.1/thumb/v7e-m+fp/hard/crtbegin.o
LOAD E:/CUBEIDE/STM32CubeIDE_1.13.1/STM32CubeIDE/plugins/com.st.stm32cube.ide.mcu.externaltools.gnu-tools-for-stm32.11.3.rel1.win32_1.1.0.202305231506/tools/bin/../lib/gcc/arm-none-eabi/11.3.1/../../../../arm-none-eabi/lib/thumb/v7e-m+fp/hard/crt0.o
LOAD ./Core/Src/File_Handling.o
LOAD ./Core/Src/bsp_display.o
LOAD ./Core/Src/bsp_sd_card.o
LOAD ./Core/Src/fonts.o
LOAD ./Core/Src/main.o
LOAD ./Core/Src/st7789.o
LOAD ./Core/Src/stm32f4xx_hal_msp.o
LOAD ./Core/Src/stm32f4xx_it.o
LOAD ./Core/Src/syscalls.o
LOAD ./Core/Src/sysmem.o
LOAD ./Core/Src/system.o
LOAD ./Core/Src/system_stm32f4xx.o
LOAD ./Core/Startup/startup_stm32f405rgtx.o
LOAD ./Drivers/STM32F4xx_HAL_Driver/Src/stm32f4xx_hal.o
LOAD ./Drivers/STM32F4xx_HAL_Driver/Src/stm32f4xx_hal_cortex.o
LOAD ./Drivers/STM32F4xx_HAL_Driver/Src/stm32f4xx_hal_dma.o
LOAD ./Drivers/STM32F4xx_HAL_Driver/Src/stm32f4xx_hal_dma_ex.o
LOAD ./Drivers/STM32F4xx_HAL_Driver/Src/stm32f4xx_hal_exti.o
LOAD ./Drivers/STM32F4xx_HAL_Driver/Src/stm32f4xx_hal_flash.o
LOAD ./Drivers/STM32F4xx_HAL_Driver/Src/stm32f4xx_hal_flash_ex.o
LOAD ./Drivers/STM32F4xx_HAL_Driver/Src/stm32f4xx_hal_flash_ramfunc.o
LOAD ./Drivers/STM32F4xx_HAL_Driver/Src/stm32f4xx_hal_gpio.o
LOAD ./Drivers/STM32F4xx_HAL_Driver/Src/stm32f4xx_hal_pwr.o
LOAD ./Drivers/STM32F4xx_HAL_Driver/Src/stm32f4xx_hal_pwr_ex.o
LOAD ./Drivers/STM32F4xx_HAL_Driver/Src/stm32f4xx_hal_rcc.o
LOAD ./Drivers/STM32F4xx_HAL_Driver/Src/stm32f4xx_hal_rcc_ex.o
LOAD ./Drivers/STM32F4xx_HAL_Driver/Src/stm32f4xx_hal_sd.o
LOAD ./Drivers/STM32F4xx_HAL_Driver/Src/stm32f4xx_hal_spi.o
LOAD ./Drivers/STM32F4xx_HAL_Driver/Src/stm32f4xx_hal_tim.o
LOAD ./Drivers/STM32F4xx_HAL_Driver/Src/stm32f4xx_hal_tim_ex.o
LOAD ./Drivers/STM32F4xx_HAL_Driver/Src/stm32f4xx_ll_sdmmc.o
LOAD ./FATFS/App/fatfs.o
LOAD ./FATFS/Target/bsp_driver_sd.o
LOAD ./FATFS/Target/sd_diskio.o
LOAD ./Middlewares/Third_Party/FatFs/src/diskio.o
LOAD ./Middlewares/Third_Party/FatFs/src/ff.o
LOAD ./Middlewares/Third_Party/FatFs/src/ff_gen_drv.o
LOAD ./Middlewares/Third_Party/FatFs/src/option/syscall.o
START GROUP
LOAD E:/CUBEIDE/STM32CubeIDE_1.13.1/STM32CubeIDE/plugins/com.st.stm32cube.ide.mcu.externaltools.gnu-tools-for-stm32.11.3.rel1.win32_1.1.0.202305231506/tools/bin/../lib/gcc/arm-none-eabi/11.3.1/../../../../arm-none-eabi/lib/thumb/v7e-m+fp/hard\libc_nano.a
LOAD E:/CUBEIDE/STM32CubeIDE_1.13.1/STM32CubeIDE/plugins/com.st.stm32cube.ide.mcu.externaltools.gnu-tools-for-stm32.11.3.rel1.win32_1.1.0.202305231506/tools/bin/../lib/gcc/arm-none-eabi/11.3.1/../../../../arm-none-eabi/lib/thumb/v7e-m+fp/hard\libm.a
END GROUP
START GROUP
LOAD E:/CUBEIDE/STM32CubeIDE_1.13.1/STM32CubeIDE/plugins/com.st.stm32cube.ide.mcu.externaltools.gnu-tools-for-stm32.11.3.rel1.win32_1.1.0.202305231506/tools/bin/../lib/gcc/arm-none-eabi/11.3.1/thumb/v7e-m+fp/hard\libgcc.a
LOAD E:/CUBEIDE/STM32CubeIDE_1.13.1/STM32CubeIDE/plugins/com.st.stm32cube.ide.mcu.externaltools.gnu-tools-for-stm32.11.3.rel1.win32_1.1.0.202305231506/tools/bin/../lib/gcc/arm-none-eabi/11.3.1/../../../../arm-none-eabi/lib/thumb/v7e-m+fp/hard\libc_nano.a
END GROUP
START GROUP
LOAD E:/CUBEIDE/STM32CubeIDE_1.13.1/STM32CubeIDE/plugins/com.st.stm32cube.ide.mcu.externaltools.gnu-tools-for-stm32.11.3.rel1.win32_1.1.0.202305231506/tools/bin/../lib/gcc/arm-none-eabi/11.3.1/thumb/v7e-m+fp/hard\libgcc.a
LOAD E:/CUBEIDE/STM32CubeIDE_1.13.1/STM32CubeIDE/plugins/com.st.stm32cube.ide.mcu.externaltools.gnu-tools-for-stm32.11.3.rel1.win32_1.1.0.202305231506/tools/bin/../lib/gcc/arm-none-eabi/11.3.1/../../../../arm-none-eabi/lib/thumb/v7e-m+fp/hard\libc_nano.a
LOAD E:/CUBEIDE/STM32CubeIDE_1.13.1/STM32CubeIDE/plugins/com.st.stm32cube.ide.mcu.externaltools.gnu-tools-for-stm32.11.3.rel1.win32_1.1.0.202305231506/tools/bin/../lib/gcc/arm-none-eabi/11.3.1/../../../../arm-none-eabi/lib/thumb/v7e-m+fp/hard\libnosys.a
END GROUP
START GROUP
LOAD E:/CUBEIDE/STM32CubeIDE_1.13.1/STM32CubeIDE/plugins/com.st.stm32cube.ide.mcu.externaltools.gnu-tools-for-stm32.11.3.rel1.win32_1.1.0.202305231506/tools/bin/../lib/gcc/arm-none-eabi/11.3.1/thumb/v7e-m+fp/hard\libgcc.a
LOAD E:/CUBEIDE/STM32CubeIDE_1.13.1/STM32CubeIDE/plugins/com.st.stm32cube.ide.mcu.externaltools.gnu-tools-for-stm32.11.3.rel1.win32_1.1.0.202305231506/tools/bin/../lib/gcc/arm-none-eabi/11.3.1/../../../../arm-none-eabi/lib/thumb/v7e-m+fp/hard\libc_nano.a
LOAD E:/CUBEIDE/STM32CubeIDE_1.13.1/STM32CubeIDE/plugins/com.st.stm32cube.ide.mcu.externaltools.gnu-tools-for-stm32.11.3.rel1.win32_1.1.0.202305231506/tools/bin/../lib/gcc/arm-none-eabi/11.3.1/../../../../arm-none-eabi/lib/thumb/v7e-m+fp/hard\libnosys.a
END GROUP
LOAD E:/CUBEIDE/STM32CubeIDE_1.13.1/STM32CubeIDE/plugins/com.st.stm32cube.ide.mcu.externaltools.gnu-tools-for-stm32.11.3.rel1.win32_1.1.0.202305231506/tools/bin/../lib/gcc/arm-none-eabi/11.3.1/thumb/v7e-m+fp/hard/crtend.o
LOAD E:/CUBEIDE/STM32CubeIDE_1.13.1/STM32CubeIDE/plugins/com.st.stm32cube.ide.mcu.externaltools.gnu-tools-for-stm32.11.3.rel1.win32_1.1.0.202305231506/tools/bin/../lib/gcc/arm-none-eabi/11.3.1/thumb/v7e-m+fp/hard/crtn.o
                0x0000000020020000                _estack = (ORIGIN (RAM) + LENGTH (RAM))
                0x0000000000000200                _Min_Heap_Size = 0x200
                0x0000000000000400                _Min_Stack_Size = 0x400

.isr_vector     0x0000000008000000      0x188
                0x0000000008000000                . = ALIGN (0x4)
 *(.isr_vector)
 .isr_vector    0x0000000008000000      0x188 ./Core/Startup/startup_stm32f405rgtx.o
                0x0000000008000000                g_pfnVectors
                0x0000000008000188                . = ALIGN (0x4)

.text           0x0000000008000190     0x7f94
                0x0000000008000190                . = ALIGN (0x4)
 *(.text)
 .text          0x0000000008000190       0x40 E:/CUBEIDE/STM32CubeIDE_1.13.1/STM32CubeIDE/plugins/com.st.stm32cube.ide.mcu.externaltools.gnu-tools-for-stm32.11.3.rel1.win32_1.1.0.202305231506/tools/bin/../lib/gcc/arm-none-eabi/11.3.1/thumb/v7e-m+fp/hard/crtbegin.o
 .text          0x00000000080001d0       0x14 E:/CUBEIDE/STM32CubeIDE_1.13.1/STM32CubeIDE/plugins/com.st.stm32cube.ide.mcu.externaltools.gnu-tools-for-stm32.11.3.rel1.win32_1.1.0.202305231506/tools/bin/../lib/gcc/arm-none-eabi/11.3.1/../../../../arm-none-eabi/lib/thumb/v7e-m+fp/hard\libc_nano.a(libc_a-strcmp.o)
                0x00000000080001d0                strcmp
 .text          0x00000000080001e4       0x10 E:/CUBEIDE/STM32CubeIDE_1.13.1/STM32CubeIDE/plugins/com.st.stm32cube.ide.mcu.externaltools.gnu-tools-for-stm32.11.3.rel1.win32_1.1.0.202305231506/tools/bin/../lib/gcc/arm-none-eabi/11.3.1/../../../../arm-none-eabi/lib/thumb/v7e-m+fp/hard\libc_nano.a(libc_a-strlen.o)
                0x00000000080001e4                strlen
 *fill*         0x00000000080001f4        0xc 
 .text          0x0000000008000200       0xa0 E:/CUBEIDE/STM32CubeIDE_1.13.1/STM32CubeIDE/plugins/com.st.stm32cube.ide.mcu.externaltools.gnu-tools-for-stm32.11.3.rel1.win32_1.1.0.202305231506/tools/bin/../lib/gcc/arm-none-eabi/11.3.1/../../../../arm-none-eabi/lib/thumb/v7e-m+fp/hard\libc_nano.a(libc_a-memchr.o)
                0x0000000008000200                memchr
 .text          0x00000000080002a0       0x30 E:/CUBEIDE/STM32CubeIDE_1.13.1/STM32CubeIDE/plugins/com.st.stm32cube.ide.mcu.externaltools.gnu-tools-for-stm32.11.3.rel1.win32_1.1.0.202305231506/tools/bin/../lib/gcc/arm-none-eabi/11.3.1/thumb/v7e-m+fp/hard\libgcc.a(_aeabi_uldivmod.o)
                0x00000000080002a0                __aeabi_uldivmod
 .text          0x00000000080002d0      0x2c8 E:/CUBEIDE/STM32CubeIDE_1.13.1/STM32CubeIDE/plugins/com.st.stm32cube.ide.mcu.externaltools.gnu-tools-for-stm32.11.3.rel1.win32_1.1.0.202305231506/tools/bin/../lib/gcc/arm-none-eabi/11.3.1/thumb/v7e-m+fp/hard\libgcc.a(_udivmoddi4.o)
                0x00000000080002d0                __udivmoddi4
 .text          0x0000000008000598        0x4 E:/CUBEIDE/STM32CubeIDE_1.13.1/STM32CubeIDE/plugins/com.st.stm32cube.ide.mcu.externaltools.gnu-tools-for-stm32.11.3.rel1.win32_1.1.0.202305231506/tools/bin/../lib/gcc/arm-none-eabi/11.3.1/thumb/v7e-m+fp/hard\libgcc.a(_dvmd_tls.o)
                0x0000000008000598                __aeabi_idiv0
                0x0000000008000598                __aeabi_ldiv0
 *(.text*)
 .text.Mount_SD
                0x000000000800059c       0x2c ./Core/Src/File_Handling.o
                0x000000000800059c                Mount_SD
 .text.Scan_SD  0x00000000080005c8      0x150 ./Core/Src/File_Handling.o
                0x00000000080005c8                Scan_SD
 .text.Read_File
                0x0000000008000718       0x90 ./Core/Src/File_Handling.o
                0x0000000008000718                Read_File
 .text.bsp_display_init
                0x00000000080007a8       0x1c ./Core/Src/bsp_display.o
                0x00000000080007a8                bsp_display_init
 .text.bsp_display_text
                0x00000000080007c4       0x84 ./Core/Src/bsp_display.o
                0x00000000080007c4                bsp_display_text
 .text.bsp_display_text_line
                0x0000000008000848       0x48 ./Core/Src/bsp_display.o
                0x0000000008000848                bsp_display_text_line
 .text.bsp_display_list_file
                0x0000000008000890       0xcc ./Core/Src/bsp_display.o
                0x0000000008000890                bsp_display_list_file
 .text.bsp_display_index_choose_file
                0x000000000800095c       0x68 ./Core/Src/bsp_display.o
                0x000000000800095c                bsp_display_index_choose_file
 .text.bsp_display_clear
                0x00000000080009c4       0x10 ./Core/Src/bsp_display.o
                0x00000000080009c4                bsp_display_clear
 .text.bsp_display_title_choose_file
                0x00000000080009d4       0x30 ./Core/Src/bsp_display.o
                0x00000000080009d4                bsp_display_title_choose_file
 .text.bsp_sd_card_mount
                0x0000000008000a04       0x14 ./Core/Src/bsp_sd_card.o
                0x0000000008000a04                bsp_sd_card_mount
 .text.bsp_sd_card_read_file_txt
                0x0000000008000a18       0x1a ./Core/Src/bsp_sd_card.o
                0x0000000008000a18                bsp_sd_card_read_file_txt
 *fill*         0x0000000008000a32        0x2 
 .text.bsp_sd_card_scan_file
                0x0000000008000a34       0x14 ./Core/Src/bsp_sd_card.o
                0x0000000008000a34                bsp_sd_card_scan_file
 .text.main     0x0000000008000a48       0x26 ./Core/Src/main.o
                0x0000000008000a48                main
 *fill*         0x0000000008000a6e        0x2 
 .text.SystemClock_Config
                0x0000000008000a70       0xd4 ./Core/Src/main.o
                0x0000000008000a70                SystemClock_Config
 .text.MX_SDIO_SD_Init
                0x0000000008000b44       0x40 ./Core/Src/main.o
 .text.MX_SPI1_Init
                0x0000000008000b84       0x6c ./Core/Src/main.o
 .text.MX_GPIO_Init
                0x0000000008000bf0      0x12c ./Core/Src/main.o
 .text.Error_Handler
                0x0000000008000d1c        0xa ./Core/Src/main.o
                0x0000000008000d1c                Error_Handler
 *fill*         0x0000000008000d26        0x2 
 .text.ST7789_WriteCommand
                0x0000000008000d28       0x48 ./Core/Src/st7789.o
 .text.ST7789_WriteData
                0x0000000008000d70       0x70 ./Core/Src/st7789.o
 .text.ST7789_WriteSmallData
                0x0000000008000de0       0x48 ./Core/Src/st7789.o
 .text.ST7789_SetRotation
                0x0000000008000e28       0x58 ./Core/Src/st7789.o
                0x0000000008000e28                ST7789_SetRotation
 .text.ST7789_SetAddressWindow
                0x0000000008000e80       0xb8 ./Core/Src/st7789.o
 .text.ST7789_Init
                0x0000000008000f38      0x13c ./Core/Src/st7789.o
                0x0000000008000f38                ST7789_Init
 .text.ST7789_Fill_Color
                0x0000000008001074       0x7c ./Core/Src/st7789.o
                0x0000000008001074                ST7789_Fill_Color
 .text.ST7789_WriteChar
                0x00000000080010f0      0x100 ./Core/Src/st7789.o
                0x00000000080010f0                ST7789_WriteChar
 .text.ST7789_WriteString
                0x00000000080011f0       0xa8 ./Core/Src/st7789.o
                0x00000000080011f0                ST7789_WriteString
 .text.HAL_MspInit
                0x0000000008001298       0x50 ./Core/Src/stm32f4xx_hal_msp.o
                0x0000000008001298                HAL_MspInit
 .text.HAL_SD_MspInit
                0x00000000080012e8       0xe0 ./Core/Src/stm32f4xx_hal_msp.o
                0x00000000080012e8                HAL_SD_MspInit
 .text.HAL_SPI_MspInit
                0x00000000080013c8       0xe0 ./Core/Src/stm32f4xx_hal_msp.o
                0x00000000080013c8                HAL_SPI_MspInit
 .text.NMI_Handler
                0x00000000080014a8        0x6 ./Core/Src/stm32f4xx_it.o
                0x00000000080014a8                NMI_Handler
 .text.HardFault_Handler
                0x00000000080014ae        0x6 ./Core/Src/stm32f4xx_it.o
                0x00000000080014ae                HardFault_Handler
 .text.MemManage_Handler
                0x00000000080014b4        0x6 ./Core/Src/stm32f4xx_it.o
                0x00000000080014b4                MemManage_Handler
 .text.BusFault_Handler
                0x00000000080014ba        0x6 ./Core/Src/stm32f4xx_it.o
                0x00000000080014ba                BusFault_Handler
 .text.UsageFault_Handler
                0x00000000080014c0        0x6 ./Core/Src/stm32f4xx_it.o
                0x00000000080014c0                UsageFault_Handler
 .text.SVC_Handler
                0x00000000080014c6        0xe ./Core/Src/stm32f4xx_it.o
                0x00000000080014c6                SVC_Handler
 .text.DebugMon_Handler
                0x00000000080014d4        0xe ./Core/Src/stm32f4xx_it.o
                0x00000000080014d4                DebugMon_Handler
 .text.PendSV_Handler
                0x00000000080014e2        0xe ./Core/Src/stm32f4xx_it.o
                0x00000000080014e2                PendSV_Handler
 .text.SysTick_Handler
                0x00000000080014f0        0xc ./Core/Src/stm32f4xx_it.o
                0x00000000080014f0                SysTick_Handler
 .text.EXTI4_IRQHandler
                0x00000000080014fc        0xe ./Core/Src/stm32f4xx_it.o
                0x00000000080014fc                EXTI4_IRQHandler
 .text.EXTI9_5_IRQHandler
                0x000000000800150a       0x1a ./Core/Src/stm32f4xx_it.o
                0x000000000800150a                EXTI9_5_IRQHandler
 .text.SPI1_IRQHandler
                0x0000000008001524       0x14 ./Core/Src/stm32f4xx_it.o
                0x0000000008001524                SPI1_IRQHandler
 .text.EXTI15_10_IRQHandler
                0x0000000008001538       0x10 ./Core/Src/stm32f4xx_it.o
                0x0000000008001538                EXTI15_10_IRQHandler
 .text.SDIO_IRQHandler
                0x0000000008001548       0x14 ./Core/Src/stm32f4xx_it.o
                0x0000000008001548                SDIO_IRQHandler
 .text._sbrk    0x000000000800155c       0x6c ./Core/Src/sysmem.o
                0x000000000800155c                _sbrk
 .text.sys_process_state_menu
                0x00000000080015c8       0x20 ./Core/Src/system.o
 .text.sys_process_state_display_file
                0x00000000080015e8       0x88 ./Core/Src/system.o
 .text.system_init
                0x0000000008001670       0x3c ./Core/Src/system.o
                0x0000000008001670                system_init
 .text.system_process
                0x00000000080016ac       0x38 ./Core/Src/system.o
                0x00000000080016ac                system_process
 .text.SystemInit
                0x00000000080016e4       0x24 ./Core/Src/system_stm32f4xx.o
                0x00000000080016e4                SystemInit
 .text.Reset_Handler
                0x0000000008001708       0x50 ./Core/Startup/startup_stm32f405rgtx.o
                0x0000000008001708                Reset_Handler
 .text.Default_Handler
                0x0000000008001758        0x2 ./Core/Startup/startup_stm32f405rgtx.o
                0x0000000008001758                RTC_Alarm_IRQHandler
                0x0000000008001758                HASH_RNG_IRQHandler
                0x0000000008001758                EXTI2_IRQHandler
                0x0000000008001758                TIM8_CC_IRQHandler
                0x0000000008001758                TIM1_CC_IRQHandler
                0x0000000008001758                DMA2_Stream5_IRQHandler
                0x0000000008001758                DMA1_Stream5_IRQHandler
                0x0000000008001758                PVD_IRQHandler
                0x0000000008001758                TAMP_STAMP_IRQHandler
                0x0000000008001758                CAN2_RX1_IRQHandler
                0x0000000008001758                EXTI3_IRQHandler
                0x0000000008001758                TIM8_TRG_COM_TIM14_IRQHandler
                0x0000000008001758                TIM1_UP_TIM10_IRQHandler
                0x0000000008001758                TIM8_UP_TIM13_IRQHandler
                0x0000000008001758                I2C3_ER_IRQHandler
                0x0000000008001758                EXTI0_IRQHandler
                0x0000000008001758                I2C2_EV_IRQHandler
                0x0000000008001758                DMA1_Stream2_IRQHandler
                0x0000000008001758                CAN1_RX0_IRQHandler
                0x0000000008001758                FPU_IRQHandler
                0x0000000008001758                OTG_HS_WKUP_IRQHandler
                0x0000000008001758                CAN2_SCE_IRQHandler
                0x0000000008001758                DMA2_Stream2_IRQHandler
                0x0000000008001758                TIM6_DAC_IRQHandler
                0x0000000008001758                TIM1_BRK_TIM9_IRQHandler
                0x0000000008001758                CAN2_RX0_IRQHandler
                0x0000000008001758                DMA2_Stream3_IRQHandler
                0x0000000008001758                USART6_IRQHandler
                0x0000000008001758                USART3_IRQHandler
                0x0000000008001758                CAN1_RX1_IRQHandler
                0x0000000008001758                UART5_IRQHandler
                0x0000000008001758                DMA2_Stream0_IRQHandler
                0x0000000008001758                TIM4_IRQHandler
                0x0000000008001758                I2C1_EV_IRQHandler
                0x0000000008001758                DMA1_Stream6_IRQHandler
                0x0000000008001758                DMA1_Stream1_IRQHandler
                0x0000000008001758                UART4_IRQHandler
                0x0000000008001758                TIM3_IRQHandler
                0x0000000008001758                RCC_IRQHandler
                0x0000000008001758                TIM8_BRK_TIM12_IRQHandler
                0x0000000008001758                Default_Handler
                0x0000000008001758                ADC_IRQHandler
                0x0000000008001758                DMA1_Stream7_IRQHandler
                0x0000000008001758                TIM7_IRQHandler
                0x0000000008001758                CAN2_TX_IRQHandler
                0x0000000008001758                TIM5_IRQHandler
                0x0000000008001758                DMA2_Stream7_IRQHandler
                0x0000000008001758                I2C3_EV_IRQHandler
                0x0000000008001758                RTC_WKUP_IRQHandler
                0x0000000008001758                SPI2_IRQHandler
                0x0000000008001758                OTG_HS_EP1_IN_IRQHandler
                0x0000000008001758                DMA1_Stream0_IRQHandler
                0x0000000008001758                CAN1_TX_IRQHandler
                0x0000000008001758                FSMC_IRQHandler
                0x0000000008001758                OTG_HS_EP1_OUT_IRQHandler
                0x0000000008001758                WWDG_IRQHandler
                0x0000000008001758                TIM2_IRQHandler
                0x0000000008001758                OTG_FS_WKUP_IRQHandler
                0x0000000008001758                TIM1_TRG_COM_TIM11_IRQHandler
                0x0000000008001758                OTG_HS_IRQHandler
                0x0000000008001758                EXTI1_IRQHandler
                0x0000000008001758                USART2_IRQHandler
                0x0000000008001758                I2C2_ER_IRQHandler
                0x0000000008001758                DMA2_Stream1_IRQHandler
                0x0000000008001758                CAN1_SCE_IRQHandler
                0x0000000008001758                FLASH_IRQHandler
                0x0000000008001758                DMA2_Stream4_IRQHandler
                0x0000000008001758                USART1_IRQHandler
                0x0000000008001758                OTG_FS_IRQHandler
                0x0000000008001758                SPI3_IRQHandler
                0x0000000008001758                DMA1_Stream4_IRQHandler
                0x0000000008001758                I2C1_ER_IRQHandler
                0x0000000008001758                DMA2_Stream6_IRQHandler
                0x0000000008001758                DMA1_Stream3_IRQHandler
 *fill*         0x000000000800175a        0x2 
 .text.HAL_Init
                0x000000000800175c       0x44 ./Drivers/STM32F4xx_HAL_Driver/Src/stm32f4xx_hal.o
                0x000000000800175c                HAL_Init
 .text.HAL_InitTick
                0x00000000080017a0       0x60 ./Drivers/STM32F4xx_HAL_Driver/Src/stm32f4xx_hal.o
                0x00000000080017a0                HAL_InitTick
 .text.HAL_IncTick
                0x0000000008001800       0x28 ./Drivers/STM32F4xx_HAL_Driver/Src/stm32f4xx_hal.o
                0x0000000008001800                HAL_IncTick
 .text.HAL_GetTick
                0x0000000008001828       0x18 ./Drivers/STM32F4xx_HAL_Driver/Src/stm32f4xx_hal.o
                0x0000000008001828                HAL_GetTick
 .text.HAL_Delay
                0x0000000008001840       0x48 ./Drivers/STM32F4xx_HAL_Driver/Src/stm32f4xx_hal.o
                0x0000000008001840                HAL_Delay
 .text.__NVIC_SetPriorityGrouping
                0x0000000008001888       0x48 ./Drivers/STM32F4xx_HAL_Driver/Src/stm32f4xx_hal_cortex.o
 .text.__NVIC_GetPriorityGrouping
                0x00000000080018d0       0x1c ./Drivers/STM32F4xx_HAL_Driver/Src/stm32f4xx_hal_cortex.o
 .text.__NVIC_EnableIRQ
                0x00000000080018ec       0x3c ./Drivers/STM32F4xx_HAL_Driver/Src/stm32f4xx_hal_cortex.o
 .text.__NVIC_SetPriority
                0x0000000008001928       0x54 ./Drivers/STM32F4xx_HAL_Driver/Src/stm32f4xx_hal_cortex.o
 .text.NVIC_EncodePriority
                0x000000000800197c       0x66 ./Drivers/STM32F4xx_HAL_Driver/Src/stm32f4xx_hal_cortex.o
 *fill*         0x00000000080019e2        0x2 
 .text.SysTick_Config
                0x00000000080019e4       0x44 ./Drivers/STM32F4xx_HAL_Driver/Src/stm32f4xx_hal_cortex.o
 .text.HAL_NVIC_SetPriorityGrouping
                0x0000000008001a28       0x16 ./Drivers/STM32F4xx_HAL_Driver/Src/stm32f4xx_hal_cortex.o
                0x0000000008001a28                HAL_NVIC_SetPriorityGrouping
 .text.HAL_NVIC_SetPriority
                0x0000000008001a3e       0x38 ./Drivers/STM32F4xx_HAL_Driver/Src/stm32f4xx_hal_cortex.o
                0x0000000008001a3e                HAL_NVIC_SetPriority
 .text.HAL_NVIC_EnableIRQ
                0x0000000008001a76       0x1c ./Drivers/STM32F4xx_HAL_Driver/Src/stm32f4xx_hal_cortex.o
                0x0000000008001a76                HAL_NVIC_EnableIRQ
 .text.HAL_SYSTICK_Config
                0x0000000008001a92       0x18 ./Drivers/STM32F4xx_HAL_Driver/Src/stm32f4xx_hal_cortex.o
                0x0000000008001a92                HAL_SYSTICK_Config
 .text.HAL_DMA_Abort_IT
                0x0000000008001aaa       0x44 ./Drivers/STM32F4xx_HAL_Driver/Src/stm32f4xx_hal_dma.o
                0x0000000008001aaa                HAL_DMA_Abort_IT
 *fill*         0x0000000008001aee        0x2 
 .text.HAL_GPIO_Init
                0x0000000008001af0      0x338 ./Drivers/STM32F4xx_HAL_Driver/Src/stm32f4xx_hal_gpio.o
                0x0000000008001af0                HAL_GPIO_Init
 .text.HAL_GPIO_WritePin
                0x0000000008001e28       0x32 ./Drivers/STM32F4xx_HAL_Driver/Src/stm32f4xx_hal_gpio.o
                0x0000000008001e28                HAL_GPIO_WritePin
 *fill*         0x0000000008001e5a        0x2 
 .text.HAL_GPIO_EXTI_IRQHandler
                0x0000000008001e5c       0x30 ./Drivers/STM32F4xx_HAL_Driver/Src/stm32f4xx_hal_gpio.o
                0x0000000008001e5c                HAL_GPIO_EXTI_IRQHandler
 .text.HAL_GPIO_EXTI_Callback
                0x0000000008001e8c       0x16 ./Drivers/STM32F4xx_HAL_Driver/Src/stm32f4xx_hal_gpio.o
                0x0000000008001e8c                HAL_GPIO_EXTI_Callback
 *fill*         0x0000000008001ea2        0x2 
 .text.HAL_RCC_OscConfig
                0x0000000008001ea4      0x4f0 ./Drivers/STM32F4xx_HAL_Driver/Src/stm32f4xx_hal_rcc.o
                0x0000000008001ea4                HAL_RCC_OscConfig
 .text.HAL_RCC_ClockConfig
                0x0000000008002394      0x1cc ./Drivers/STM32F4xx_HAL_Driver/Src/stm32f4xx_hal_rcc.o
                0x0000000008002394                HAL_RCC_ClockConfig
 .text.HAL_RCC_GetSysClockFreq
                0x0000000008002560      0x20c ./Drivers/STM32F4xx_HAL_Driver/Src/stm32f4xx_hal_rcc.o
                0x0000000008002560                HAL_RCC_GetSysClockFreq
 .text.HAL_SD_Init
                0x000000000800276c       0x60 ./Drivers/STM32F4xx_HAL_Driver/Src/stm32f4xx_hal_sd.o
                0x000000000800276c                HAL_SD_Init
 .text.HAL_SD_InitCard
                0x00000000080027cc      0x100 ./Drivers/STM32F4xx_HAL_Driver/Src/stm32f4xx_hal_sd.o
                0x00000000080027cc                HAL_SD_InitCard
 .text.HAL_SD_ReadBlocks
                0x00000000080028cc      0x3bc ./Drivers/STM32F4xx_HAL_Driver/Src/stm32f4xx_hal_sd.o
                0x00000000080028cc                HAL_SD_ReadBlocks
 .text.HAL_SD_WriteBlocks
                0x0000000008002c88      0x30c ./Drivers/STM32F4xx_HAL_Driver/Src/stm32f4xx_hal_sd.o
                0x0000000008002c88                HAL_SD_WriteBlocks
 .text.HAL_SD_IRQHandler
                0x0000000008002f94      0x30c ./Drivers/STM32F4xx_HAL_Driver/Src/stm32f4xx_hal_sd.o
                0x0000000008002f94                HAL_SD_IRQHandler
 .text.HAL_SD_ErrorCallback
                0x00000000080032a0       0x14 ./Drivers/STM32F4xx_HAL_Driver/Src/stm32f4xx_hal_sd.o
                0x00000000080032a0                HAL_SD_ErrorCallback
 .text.HAL_SD_GetCardCSD
                0x00000000080032b4      0x348 ./Drivers/STM32F4xx_HAL_Driver/Src/stm32f4xx_hal_sd.o
                0x00000000080032b4                HAL_SD_GetCardCSD
 .text.HAL_SD_GetCardInfo
                0x00000000080035fc       0x58 ./Drivers/STM32F4xx_HAL_Driver/Src/stm32f4xx_hal_sd.o
                0x00000000080035fc                HAL_SD_GetCardInfo
 .text.HAL_SD_GetCardState
                0x0000000008003654       0x40 ./Drivers/STM32F4xx_HAL_Driver/Src/stm32f4xx_hal_sd.o
                0x0000000008003654                HAL_SD_GetCardState
 .text.SD_DMATxAbort
                0x0000000008003694       0x6e ./Drivers/STM32F4xx_HAL_Driver/Src/stm32f4xx_hal_sd.o
 .text.SD_DMARxAbort
                0x0000000008003702       0x6e ./Drivers/STM32F4xx_HAL_Driver/Src/stm32f4xx_hal_sd.o
 .text.SD_InitCard
                0x0000000008003770      0x19c ./Drivers/STM32F4xx_HAL_Driver/Src/stm32f4xx_hal_sd.o
 .text.SD_PowerON
                0x000000000800390c      0x11c ./Drivers/STM32F4xx_HAL_Driver/Src/stm32f4xx_hal_sd.o
 .text.SD_SendStatus
                0x0000000008003a28       0x50 ./Drivers/STM32F4xx_HAL_Driver/Src/stm32f4xx_hal_sd.o
 .text.SD_Read_IT
                0x0000000008003a78       0xa2 ./Drivers/STM32F4xx_HAL_Driver/Src/stm32f4xx_hal_sd.o
 .text.SD_Write_IT
                0x0000000008003b1a       0xaa ./Drivers/STM32F4xx_HAL_Driver/Src/stm32f4xx_hal_sd.o
 .text.HAL_SPI_Init
                0x0000000008003bc4      0x112 ./Drivers/STM32F4xx_HAL_Driver/Src/stm32f4xx_hal_spi.o
                0x0000000008003bc4                HAL_SPI_Init
 .text.HAL_SPI_Transmit
                0x0000000008003cd6      0x278 ./Drivers/STM32F4xx_HAL_Driver/Src/stm32f4xx_hal_spi.o
                0x0000000008003cd6                HAL_SPI_Transmit
 *fill*         0x0000000008003f4e        0x2 
 .text.HAL_SPI_IRQHandler
                0x0000000008003f50      0x1e8 ./Drivers/STM32F4xx_HAL_Driver/Src/stm32f4xx_hal_spi.o
                0x0000000008003f50                HAL_SPI_IRQHandler
 .text.HAL_SPI_ErrorCallback
                0x0000000008004138       0x14 ./Drivers/STM32F4xx_HAL_Driver/Src/stm32f4xx_hal_spi.o
                0x0000000008004138                HAL_SPI_ErrorCallback
 .text.SPI_DMAAbortOnError
                0x000000000800414c       0x28 ./Drivers/STM32F4xx_HAL_Driver/Src/stm32f4xx_hal_spi.o
 .text.SPI_WaitFlagStateUntilTimeout
                0x0000000008004174      0x110 ./Drivers/STM32F4xx_HAL_Driver/Src/stm32f4xx_hal_spi.o
 .text.SPI_EndRxTxTransaction
                0x0000000008004284       0x84 ./Drivers/STM32F4xx_HAL_Driver/Src/stm32f4xx_hal_spi.o
 .text.SDIO_Init
                0x0000000008004308       0x56 ./Drivers/STM32F4xx_HAL_Driver/Src/stm32f4xx_ll_sdmmc.o
                0x0000000008004308                SDIO_Init
 .text.SDIO_ReadFIFO
                0x000000000800435e       0x1a ./Drivers/STM32F4xx_HAL_Driver/Src/stm32f4xx_ll_sdmmc.o
                0x000000000800435e                SDIO_ReadFIFO
 .text.SDIO_WriteFIFO
                0x0000000008004378       0x22 ./Drivers/STM32F4xx_HAL_Driver/Src/stm32f4xx_ll_sdmmc.o
                0x0000000008004378                SDIO_WriteFIFO
 .text.SDIO_PowerState_ON
                0x000000000800439a       0x1c ./Drivers/STM32F4xx_HAL_Driver/Src/stm32f4xx_ll_sdmmc.o
                0x000000000800439a                SDIO_PowerState_ON
 .text.SDIO_GetPowerState
                0x00000000080043b6       0x1c ./Drivers/STM32F4xx_HAL_Driver/Src/stm32f4xx_ll_sdmmc.o
                0x00000000080043b6                SDIO_GetPowerState
 .text.SDIO_SendCommand
                0x00000000080043d2       0x54 ./Drivers/STM32F4xx_HAL_Driver/Src/stm32f4xx_ll_sdmmc.o
                0x00000000080043d2                SDIO_SendCommand
 .text.SDIO_GetCommandResponse
                0x0000000008004426       0x1a ./Drivers/STM32F4xx_HAL_Driver/Src/stm32f4xx_ll_sdmmc.o
                0x0000000008004426                SDIO_GetCommandResponse
 .text.SDIO_GetResponse
                0x0000000008004440       0x26 ./Drivers/STM32F4xx_HAL_Driver/Src/stm32f4xx_ll_sdmmc.o
                0x0000000008004440                SDIO_GetResponse
 .text.SDIO_ConfigData
                0x0000000008004466       0x58 ./Drivers/STM32F4xx_HAL_Driver/Src/stm32f4xx_ll_sdmmc.o
                0x0000000008004466                SDIO_ConfigData
 .text.SDMMC_CmdBlockLength
                0x00000000080044be       0x44 ./Drivers/STM32F4xx_HAL_Driver/Src/stm32f4xx_ll_sdmmc.o
                0x00000000080044be                SDMMC_CmdBlockLength
 .text.SDMMC_CmdReadSingleBlock
                0x0000000008004502       0x44 ./Drivers/STM32F4xx_HAL_Driver/Src/stm32f4xx_ll_sdmmc.o
                0x0000000008004502                SDMMC_CmdReadSingleBlock
 .text.SDMMC_CmdReadMultiBlock
                0x0000000008004546       0x44 ./Drivers/STM32F4xx_HAL_Driver/Src/stm32f4xx_ll_sdmmc.o
                0x0000000008004546                SDMMC_CmdReadMultiBlock
 .text.SDMMC_CmdWriteSingleBlock
                0x000000000800458a       0x44 ./Drivers/STM32F4xx_HAL_Driver/Src/stm32f4xx_ll_sdmmc.o
                0x000000000800458a                SDMMC_CmdWriteSingleBlock
 .text.SDMMC_CmdWriteMultiBlock
                0x00000000080045ce       0x44 ./Drivers/STM32F4xx_HAL_Driver/Src/stm32f4xx_ll_sdmmc.o
                0x00000000080045ce                SDMMC_CmdWriteMultiBlock
 *fill*         0x0000000008004612        0x2 
 .text.SDMMC_CmdStopTransfer
                0x0000000008004614       0x44 ./Drivers/STM32F4xx_HAL_Driver/Src/stm32f4xx_ll_sdmmc.o
                0x0000000008004614                SDMMC_CmdStopTransfer
 .text.SDMMC_CmdSelDesel
                0x0000000008004658       0x46 ./Drivers/STM32F4xx_HAL_Driver/Src/stm32f4xx_ll_sdmmc.o
                0x0000000008004658                SDMMC_CmdSelDesel
 .text.SDMMC_CmdGoIdleState
                0x000000000800469e       0x3c ./Drivers/STM32F4xx_HAL_Driver/Src/stm32f4xx_ll_sdmmc.o
                0x000000000800469e                SDMMC_CmdGoIdleState
 .text.SDMMC_CmdOperCond
                0x00000000080046da       0x3e ./Drivers/STM32F4xx_HAL_Driver/Src/stm32f4xx_ll_sdmmc.o
                0x00000000080046da                SDMMC_CmdOperCond
 .text.SDMMC_CmdAppCommand
                0x0000000008004718       0x44 ./Drivers/STM32F4xx_HAL_Driver/Src/stm32f4xx_ll_sdmmc.o
                0x0000000008004718                SDMMC_CmdAppCommand
 .text.SDMMC_CmdAppOperCommand
                0x000000000800475c       0x46 ./Drivers/STM32F4xx_HAL_Driver/Src/stm32f4xx_ll_sdmmc.o
                0x000000000800475c                SDMMC_CmdAppOperCommand
 .text.SDMMC_CmdSendCID
                0x00000000080047a2       0x3c ./Drivers/STM32F4xx_HAL_Driver/Src/stm32f4xx_ll_sdmmc.o
                0x00000000080047a2                SDMMC_CmdSendCID
 .text.SDMMC_CmdSendCSD
                0x00000000080047de       0x3e ./Drivers/STM32F4xx_HAL_Driver/Src/stm32f4xx_ll_sdmmc.o
                0x00000000080047de                SDMMC_CmdSendCSD
 .text.SDMMC_CmdSetRelAdd
                0x000000000800481c       0x42 ./Drivers/STM32F4xx_HAL_Driver/Src/stm32f4xx_ll_sdmmc.o
                0x000000000800481c                SDMMC_CmdSetRelAdd
 .text.SDMMC_CmdSendStatus
                0x000000000800485e       0x44 ./Drivers/STM32F4xx_HAL_Driver/Src/stm32f4xx_ll_sdmmc.o
                0x000000000800485e                SDMMC_CmdSendStatus
 *fill*         0x00000000080048a2        0x2 
 .text.SDMMC_GetCmdResp1
                0x00000000080048a4      0x1dc ./Drivers/STM32F4xx_HAL_Driver/Src/stm32f4xx_ll_sdmmc.o
                0x00000000080048a4                SDMMC_GetCmdResp1
 .text.SDMMC_GetCmdResp2
                0x0000000008004a80       0x90 ./Drivers/STM32F4xx_HAL_Driver/Src/stm32f4xx_ll_sdmmc.o
                0x0000000008004a80                SDMMC_GetCmdResp2
 .text.SDMMC_GetCmdResp3
                0x0000000008004b10       0x7c ./Drivers/STM32F4xx_HAL_Driver/Src/stm32f4xx_ll_sdmmc.o
                0x0000000008004b10                SDMMC_GetCmdResp3
 .text.SDMMC_GetCmdResp6
                0x0000000008004b8c       0xec ./Drivers/STM32F4xx_HAL_Driver/Src/stm32f4xx_ll_sdmmc.o
                0x0000000008004b8c                SDMMC_GetCmdResp6
 .text.SDMMC_GetCmdResp7
                0x0000000008004c78       0x9c ./Drivers/STM32F4xx_HAL_Driver/Src/stm32f4xx_ll_sdmmc.o
                0x0000000008004c78                SDMMC_GetCmdResp7
 .text.SDMMC_GetCmdError
                0x0000000008004d14       0x58 ./Drivers/STM32F4xx_HAL_Driver/Src/stm32f4xx_ll_sdmmc.o
 .text.MX_FATFS_Init
                0x0000000008004d6c       0x24 ./FATFS/App/fatfs.o
                0x0000000008004d6c                MX_FATFS_Init
 .text.get_fattime
                0x0000000008004d90       0x10 ./FATFS/App/fatfs.o
                0x0000000008004d90                get_fattime
 .text.BSP_SD_Init
                0x0000000008004da0       0x30 ./FATFS/Target/bsp_driver_sd.o
                0x0000000008004da0                BSP_SD_Init
 .text.BSP_SD_ReadBlocks
                0x0000000008004dd0       0x3c ./FATFS/Target/bsp_driver_sd.o
                0x0000000008004dd0                BSP_SD_ReadBlocks
 .text.BSP_SD_WriteBlocks
                0x0000000008004e0c       0x3c ./FATFS/Target/bsp_driver_sd.o
                0x0000000008004e0c                BSP_SD_WriteBlocks
 .text.BSP_SD_GetCardState
                0x0000000008004e48       0x20 ./FATFS/Target/bsp_driver_sd.o
                0x0000000008004e48                BSP_SD_GetCardState
 .text.BSP_SD_GetCardInfo
                0x0000000008004e68       0x1c ./FATFS/Target/bsp_driver_sd.o
                0x0000000008004e68                BSP_SD_GetCardInfo
 .text.HAL_SD_AbortCallback
                0x0000000008004e84       0x14 ./FATFS/Target/bsp_driver_sd.o
                0x0000000008004e84                HAL_SD_AbortCallback
 .text.HAL_SD_TxCpltCallback
                0x0000000008004e98       0x14 ./FATFS/Target/bsp_driver_sd.o
                0x0000000008004e98                HAL_SD_TxCpltCallback
 .text.HAL_SD_RxCpltCallback
                0x0000000008004eac       0x14 ./FATFS/Target/bsp_driver_sd.o
                0x0000000008004eac                HAL_SD_RxCpltCallback
 .text.BSP_SD_AbortCallback
                0x0000000008004ec0        0xe ./FATFS/Target/bsp_driver_sd.o
                0x0000000008004ec0                BSP_SD_AbortCallback
 .text.BSP_SD_WriteCpltCallback
                0x0000000008004ece        0xe ./FATFS/Target/bsp_driver_sd.o
                0x0000000008004ece                BSP_SD_WriteCpltCallback
 .text.BSP_SD_ReadCpltCallback
                0x0000000008004edc        0xe ./FATFS/Target/bsp_driver_sd.o
                0x0000000008004edc                BSP_SD_ReadCpltCallback
 .text.BSP_SD_IsDetected
                0x0000000008004eea       0x1a ./FATFS/Target/bsp_driver_sd.o
                0x0000000008004eea                BSP_SD_IsDetected
 .text.SD_CheckStatus
                0x0000000008004f04       0x3c ./FATFS/Target/sd_diskio.o
 .text.SD_initialize
                0x0000000008004f40       0x3c ./FATFS/Target/sd_diskio.o
                0x0000000008004f40                SD_initialize
 .text.SD_status
                0x0000000008004f7c       0x1c ./FATFS/Target/sd_diskio.o
                0x0000000008004f7c                SD_status
 .text.SD_read  0x0000000008004f98       0x42 ./FATFS/Target/sd_diskio.o
                0x0000000008004f98                SD_read
 .text.SD_write
                0x0000000008004fda       0x42 ./FATFS/Target/sd_diskio.o
                0x0000000008004fda                SD_write
 .text.SD_ioctl
                0x000000000800501c       0xb0 ./FATFS/Target/sd_diskio.o
                0x000000000800501c                SD_ioctl
 .text.disk_status
                0x00000000080050cc       0x34 ./Middlewares/Third_Party/FatFs/src/diskio.o
                0x00000000080050cc                disk_status
 .text.disk_initialize
                0x0000000008005100       0x4c ./Middlewares/Third_Party/FatFs/src/diskio.o
                0x0000000008005100                disk_initialize
 .text.disk_read
                0x000000000800514c       0x40 ./Middlewares/Third_Party/FatFs/src/diskio.o
                0x000000000800514c                disk_read
 .text.disk_write
                0x000000000800518c       0x40 ./Middlewares/Third_Party/FatFs/src/diskio.o
                0x000000000800518c                disk_write
 .text.disk_ioctl
                0x00000000080051cc       0x3c ./Middlewares/Third_Party/FatFs/src/diskio.o
                0x00000000080051cc                disk_ioctl
 .text.ld_word  0x0000000008005208       0x30 ./Middlewares/Third_Party/FatFs/src/ff.o
 .text.ld_dword
                0x0000000008005238       0x46 ./Middlewares/Third_Party/FatFs/src/ff.o
 .text.st_word  0x000000000800527e       0x36 ./Middlewares/Third_Party/FatFs/src/ff.o
 .text.st_dword
                0x00000000080052b4       0x58 ./Middlewares/Third_Party/FatFs/src/ff.o
 .text.mem_cpy  0x000000000800530c       0x42 ./Middlewares/Third_Party/FatFs/src/ff.o
 .text.mem_set  0x000000000800534e       0x36 ./Middlewares/Third_Party/FatFs/src/ff.o
 .text.mem_cmp  0x0000000008005384       0x4e ./Middlewares/Third_Party/FatFs/src/ff.o
 .text.chk_chr  0x00000000080053d2       0x36 ./Middlewares/Third_Party/FatFs/src/ff.o
 .text.chk_lock
                0x0000000008005408       0xb8 ./Middlewares/Third_Party/FatFs/src/ff.o
 .text.enq_lock
                0x00000000080054c0       0x44 ./Middlewares/Third_Party/FatFs/src/ff.o
 .text.inc_lock
                0x0000000008005504      0x11c ./Middlewares/Third_Party/FatFs/src/ff.o
 .text.dec_lock
                0x0000000008005620       0x78 ./Middlewares/Third_Party/FatFs/src/ff.o
 .text.clear_lock
                0x0000000008005698       0x48 ./Middlewares/Third_Party/FatFs/src/ff.o
 .text.sync_window
                0x00000000080056e0       0x88 ./Middlewares/Third_Party/FatFs/src/ff.o
 .text.move_window
                0x0000000008005768       0x5a ./Middlewares/Third_Party/FatFs/src/ff.o
 *fill*         0x00000000080057c2        0x2 
 .text.sync_fs  0x00000000080057c4       0xdc ./Middlewares/Third_Party/FatFs/src/ff.o
 .text.clust2sect
                0x00000000080058a0       0x3e ./Middlewares/Third_Party/FatFs/src/ff.o
 .text.get_fat  0x00000000080058de      0x150 ./Middlewares/Third_Party/FatFs/src/ff.o
 .text.put_fat  0x0000000008005a2e      0x1d4 ./Middlewares/Third_Party/FatFs/src/ff.o
 .text.remove_chain
                0x0000000008005c02       0xca ./Middlewares/Third_Party/FatFs/src/ff.o
 .text.create_chain
                0x0000000008005ccc      0x130 ./Middlewares/Third_Party/FatFs/src/ff.o
 .text.clmt_clust
                0x0000000008005dfc       0x68 ./Middlewares/Third_Party/FatFs/src/ff.o
 .text.dir_sdi  0x0000000008005e64       0xf6 ./Middlewares/Third_Party/FatFs/src/ff.o
 .text.dir_next
                0x0000000008005f5a      0x18a ./Middlewares/Third_Party/FatFs/src/ff.o
 .text.dir_alloc
                0x00000000080060e4       0x8e ./Middlewares/Third_Party/FatFs/src/ff.o
 .text.ld_clust
                0x0000000008006172       0x3e ./Middlewares/Third_Party/FatFs/src/ff.o
 .text.st_clust
                0x00000000080061b0       0x40 ./Middlewares/Third_Party/FatFs/src/ff.o
 .text.dir_read
                0x00000000080061f0       0xba ./Middlewares/Third_Party/FatFs/src/ff.o
 .text.dir_find
                0x00000000080062aa       0xaa ./Middlewares/Third_Party/FatFs/src/ff.o
 .text.dir_register
                0x0000000008006354       0x64 ./Middlewares/Third_Party/FatFs/src/ff.o
 .text.get_fileinfo
                0x00000000080063b8       0xbe ./Middlewares/Third_Party/FatFs/src/ff.o
 *fill*         0x0000000008006476        0x2 
 .text.create_name
                0x0000000008006478      0x128 ./Middlewares/Third_Party/FatFs/src/ff.o
 .text.follow_path
                0x00000000080065a0       0xe2 ./Middlewares/Third_Party/FatFs/src/ff.o
 .text.get_ldnumber
                0x0000000008006682       0x88 ./Middlewares/Third_Party/FatFs/src/ff.o
 *fill*         0x000000000800670a        0x2 
 .text.check_fs
                0x000000000800670c       0xac ./Middlewares/Third_Party/FatFs/src/ff.o
 .text.find_volume
                0x00000000080067b8      0x498 ./Middlewares/Third_Party/FatFs/src/ff.o
 .text.validate
                0x0000000008006c50       0x6a ./Middlewares/Third_Party/FatFs/src/ff.o
 *fill*         0x0000000008006cba        0x2 
 .text.f_mount  0x0000000008006cbc       0x8c ./Middlewares/Third_Party/FatFs/src/ff.o
                0x0000000008006cbc                f_mount
 .text.f_open   0x0000000008006d48      0x37c ./Middlewares/Third_Party/FatFs/src/ff.o
                0x0000000008006d48                f_open
 .text.f_read   0x00000000080070c4      0x27e ./Middlewares/Third_Party/FatFs/src/ff.o
                0x00000000080070c4                f_read
 .text.f_sync   0x0000000008007342       0xfc ./Middlewares/Third_Party/FatFs/src/ff.o
                0x0000000008007342                f_sync
 .text.f_close  0x000000000800743e       0x54 ./Middlewares/Third_Party/FatFs/src/ff.o
                0x000000000800743e                f_close
 .text.f_opendir
                0x0000000008007492       0xe6 ./Middlewares/Third_Party/FatFs/src/ff.o
                0x0000000008007492                f_opendir
 .text.f_closedir
                0x0000000008007578       0x4c ./Middlewares/Third_Party/FatFs/src/ff.o
                0x0000000008007578                f_closedir
 .text.f_readdir
                0x00000000080075c4       0x7a ./Middlewares/Third_Party/FatFs/src/ff.o
                0x00000000080075c4                f_readdir
 .text.f_stat   0x000000000800763e       0x72 ./Middlewares/Third_Party/FatFs/src/ff.o
                0x000000000800763e                f_stat
 .text.FATFS_LinkDriverEx
                0x00000000080076b0       0x98 ./Middlewares/Third_Party/FatFs/src/ff_gen_drv.o
                0x00000000080076b0                FATFS_LinkDriverEx
 .text.FATFS_LinkDriver
                0x0000000008007748       0x1e ./Middlewares/Third_Party/FatFs/src/ff_gen_drv.o
                0x0000000008007748                FATFS_LinkDriver
 *fill*         0x0000000008007766        0x2 
 .text.calloc   0x0000000008007768       0x10 E:/CUBEIDE/STM32CubeIDE_1.13.1/STM32CubeIDE/plugins/com.st.stm32cube.ide.mcu.externaltools.gnu-tools-for-stm32.11.3.rel1.win32_1.1.0.202305231506/tools/bin/../lib/gcc/arm-none-eabi/11.3.1/../../../../arm-none-eabi/lib/thumb/v7e-m+fp/hard\libc_nano.a(libc_a-calloc.o)
                0x0000000008007768                calloc
 .text._calloc_r
                0x0000000008007778       0x2c E:/CUBEIDE/STM32CubeIDE_1.13.1/STM32CubeIDE/plugins/com.st.stm32cube.ide.mcu.externaltools.gnu-tools-for-stm32.11.3.rel1.win32_1.1.0.202305231506/tools/bin/../lib/gcc/arm-none-eabi/11.3.1/../../../../arm-none-eabi/lib/thumb/v7e-m+fp/hard\libc_nano.a(libc_a-callocr.o)
                0x0000000008007778                _calloc_r
 .text.malloc   0x00000000080077a4       0x10 E:/CUBEIDE/STM32CubeIDE_1.13.1/STM32CubeIDE/plugins/com.st.stm32cube.ide.mcu.externaltools.gnu-tools-for-stm32.11.3.rel1.win32_1.1.0.202305231506/tools/bin/../lib/gcc/arm-none-eabi/11.3.1/../../../../arm-none-eabi/lib/thumb/v7e-m+fp/hard\libc_nano.a(libc_a-malloc.o)
                0x00000000080077a4                malloc
 .text.free     0x00000000080077b4       0x10 E:/CUBEIDE/STM32CubeIDE_1.13.1/STM32CubeIDE/plugins/com.st.stm32cube.ide.mcu.externaltools.gnu-tools-for-stm32.11.3.rel1.win32_1.1.0.202305231506/tools/bin/../lib/gcc/arm-none-eabi/11.3.1/../../../../arm-none-eabi/lib/thumb/v7e-m+fp/hard\libc_nano.a(libc_a-malloc.o)
                0x00000000080077b4                free
 .text.sbrk_aligned
                0x00000000080077c4       0x40 E:/CUBEIDE/STM32CubeIDE_1.13.1/STM32CubeIDE/plugins/com.st.stm32cube.ide.mcu.externaltools.gnu-tools-for-stm32.11.3.rel1.win32_1.1.0.202305231506/tools/bin/../lib/gcc/arm-none-eabi/11.3.1/../../../../arm-none-eabi/lib/thumb/v7e-m+fp/hard\libc_nano.a(libc_a-mallocr.o)
 .text._malloc_r
                0x0000000008007804      0x100 E:/CUBEIDE/STM32CubeIDE_1.13.1/STM32CubeIDE/plugins/com.st.stm32cube.ide.mcu.externaltools.gnu-tools-for-stm32.11.3.rel1.win32_1.1.0.202305231506/tools/bin/../lib/gcc/arm-none-eabi/11.3.1/../../../../arm-none-eabi/lib/thumb/v7e-m+fp/hard\libc_nano.a(libc_a-mallocr.o)
                0x0000000008007804                _malloc_r
 .text.__malloc_lock
                0x0000000008007904        0xc E:/CUBEIDE/STM32CubeIDE_1.13.1/STM32CubeIDE/plugins/com.st.stm32cube.ide.mcu.externaltools.gnu-tools-for-stm32.11.3.rel1.win32_1.1.0.202305231506/tools/bin/../lib/gcc/arm-none-eabi/11.3.1/../../../../arm-none-eabi/lib/thumb/v7e-m+fp/hard\libc_nano.a(libc_a-mlock.o)
                0x0000000008007904                __malloc_lock
 .text.__malloc_unlock
                0x0000000008007910        0xc E:/CUBEIDE/STM32CubeIDE_1.13.1/STM32CubeIDE/plugins/com.st.stm32cube.ide.mcu.externaltools.gnu-tools-for-stm32.11.3.rel1.win32_1.1.0.202305231506/tools/bin/../lib/gcc/arm-none-eabi/11.3.1/../../../../arm-none-eabi/lib/thumb/v7e-m+fp/hard\libc_nano.a(libc_a-mlock.o)
                0x0000000008007910                __malloc_unlock
 .text.sprintf  0x000000000800791c       0x40 E:/CUBEIDE/STM32CubeIDE_1.13.1/STM32CubeIDE/plugins/com.st.stm32cube.ide.mcu.externaltools.gnu-tools-for-stm32.11.3.rel1.win32_1.1.0.202305231506/tools/bin/../lib/gcc/arm-none-eabi/11.3.1/../../../../arm-none-eabi/lib/thumb/v7e-m+fp/hard\libc_nano.a(libc_a-sprintf.o)
                0x000000000800791c                siprintf
                0x000000000800791c                sprintf
 .text.memset   0x000000000800795c       0x10 E:/CUBEIDE/STM32CubeIDE_1.13.1/STM32CubeIDE/plugins/com.st.stm32cube.ide.mcu.externaltools.gnu-tools-for-stm32.11.3.rel1.win32_1.1.0.202305231506/tools/bin/../lib/gcc/arm-none-eabi/11.3.1/../../../../arm-none-eabi/lib/thumb/v7e-m+fp/hard\libc_nano.a(libc_a-memset.o)
                0x000000000800795c                memset
 .text._sbrk_r  0x000000000800796c       0x20 E:/CUBEIDE/STM32CubeIDE_1.13.1/STM32CubeIDE/plugins/com.st.stm32cube.ide.mcu.externaltools.gnu-tools-for-stm32.11.3.rel1.win32_1.1.0.202305231506/tools/bin/../lib/gcc/arm-none-eabi/11.3.1/../../../../arm-none-eabi/lib/thumb/v7e-m+fp/hard\libc_nano.a(libc_a-sbrkr.o)
                0x000000000800796c                _sbrk_r
 .text.__errno  0x000000000800798c        0xc E:/CUBEIDE/STM32CubeIDE_1.13.1/STM32CubeIDE/plugins/com.st.stm32cube.ide.mcu.externaltools.gnu-tools-for-stm32.11.3.rel1.win32_1.1.0.202305231506/tools/bin/../lib/gcc/arm-none-eabi/11.3.1/../../../../arm-none-eabi/lib/thumb/v7e-m+fp/hard\libc_nano.a(libc_a-errno.o)
                0x000000000800798c                __errno
 .text.__libc_init_array
                0x0000000008007998       0x48 E:/CUBEIDE/STM32CubeIDE_1.13.1/STM32CubeIDE/plugins/com.st.stm32cube.ide.mcu.externaltools.gnu-tools-for-stm32.11.3.rel1.win32_1.1.0.202305231506/tools/bin/../lib/gcc/arm-none-eabi/11.3.1/../../../../arm-none-eabi/lib/thumb/v7e-m+fp/hard\libc_nano.a(libc_a-init.o)
                0x0000000008007998                __libc_init_array
 .text.__retarget_lock_acquire_recursive
                0x00000000080079e0        0x2 E:/CUBEIDE/STM32CubeIDE_1.13.1/STM32CubeIDE/plugins/com.st.stm32cube.ide.mcu.externaltools.gnu-tools-for-stm32.11.3.rel1.win32_1.1.0.202305231506/tools/bin/../lib/gcc/arm-none-eabi/11.3.1/../../../../arm-none-eabi/lib/thumb/v7e-m+fp/hard\libc_nano.a(libc_a-lock.o)
                0x00000000080079e0                __retarget_lock_acquire_recursive
 .text.__retarget_lock_release_recursive
                0x00000000080079e2        0x2 E:/CUBEIDE/STM32CubeIDE_1.13.1/STM32CubeIDE/plugins/com.st.stm32cube.ide.mcu.externaltools.gnu-tools-for-stm32.11.3.rel1.win32_1.1.0.202305231506/tools/bin/../lib/gcc/arm-none-eabi/11.3.1/../../../../arm-none-eabi/lib/thumb/v7e-m+fp/hard\libc_nano.a(libc_a-lock.o)
                0x00000000080079e2                __retarget_lock_release_recursive
 .text._free_r  0x00000000080079e4       0x98 E:/CUBEIDE/STM32CubeIDE_1.13.1/STM32CubeIDE/plugins/com.st.stm32cube.ide.mcu.externaltools.gnu-tools-for-stm32.11.3.rel1.win32_1.1.0.202305231506/tools/bin/../lib/gcc/arm-none-eabi/11.3.1/../../../../arm-none-eabi/lib/thumb/v7e-m+fp/hard\libc_nano.a(libc_a-freer.o)
                0x00000000080079e4                _free_r
 .text.__ssputs_r
                0x0000000008007a7c       0xb4 E:/CUBEIDE/STM32CubeIDE_1.13.1/STM32CubeIDE/plugins/com.st.stm32cube.ide.mcu.externaltools.gnu-tools-for-stm32.11.3.rel1.win32_1.1.0.202305231506/tools/bin/../lib/gcc/arm-none-eabi/11.3.1/../../../../arm-none-eabi/lib/thumb/v7e-m+fp/hard\libc_nano.a(libc_a-nano-svfprintf.o)
                0x0000000008007a7c                __ssputs_r
 .text._svfprintf_r
                0x0000000008007b30      0x1fc E:/CUBEIDE/STM32CubeIDE_1.13.1/STM32CubeIDE/plugins/com.st.stm32cube.ide.mcu.externaltools.gnu-tools-for-stm32.11.3.rel1.win32_1.1.0.202305231506/tools/bin/../lib/gcc/arm-none-eabi/11.3.1/../../../../arm-none-eabi/lib/thumb/v7e-m+fp/hard\libc_nano.a(libc_a-nano-svfprintf.o)
                0x0000000008007b30                _svfiprintf_r
                0x0000000008007b30                _svfprintf_r
 .text._printf_common
                0x0000000008007d2c       0xda E:/CUBEIDE/STM32CubeIDE_1.13.1/STM32CubeIDE/plugins/com.st.stm32cube.ide.mcu.externaltools.gnu-tools-for-stm32.11.3.rel1.win32_1.1.0.202305231506/tools/bin/../lib/gcc/arm-none-eabi/11.3.1/../../../../arm-none-eabi/lib/thumb/v7e-m+fp/hard\libc_nano.a(libc_a-nano-vfprintf_i.o)
                0x0000000008007d2c                _printf_common
 *fill*         0x0000000008007e06        0x2 
 .text._printf_i
                0x0000000008007e08      0x244 E:/CUBEIDE/STM32CubeIDE_1.13.1/STM32CubeIDE/plugins/com.st.stm32cube.ide.mcu.externaltools.gnu-tools-for-stm32.11.3.rel1.win32_1.1.0.202305231506/tools/bin/../lib/gcc/arm-none-eabi/11.3.1/../../../../arm-none-eabi/lib/thumb/v7e-m+fp/hard\libc_nano.a(libc_a-nano-vfprintf_i.o)
                0x0000000008007e08                _printf_i
 .text.memmove  0x000000000800804c       0x34 E:/CUBEIDE/STM32CubeIDE_1.13.1/STM32CubeIDE/plugins/com.st.stm32cube.ide.mcu.externaltools.gnu-tools-for-stm32.11.3.rel1.win32_1.1.0.202305231506/tools/bin/../lib/gcc/arm-none-eabi/11.3.1/../../../../arm-none-eabi/lib/thumb/v7e-m+fp/hard\libc_nano.a(libc_a-memmove.o)
                0x000000000800804c                memmove
 .text.memcpy   0x0000000008008080       0x1c E:/CUBEIDE/STM32CubeIDE_1.13.1/STM32CubeIDE/plugins/com.st.stm32cube.ide.mcu.externaltools.gnu-tools-for-stm32.11.3.rel1.win32_1.1.0.202305231506/tools/bin/../lib/gcc/arm-none-eabi/11.3.1/../../../../arm-none-eabi/lib/thumb/v7e-m+fp/hard\libc_nano.a(libc_a-memcpy-stub.o)
                0x0000000008008080                memcpy
 .text._realloc_r
                0x000000000800809c       0x5e E:/CUBEIDE/STM32CubeIDE_1.13.1/STM32CubeIDE/plugins/com.st.stm32cube.ide.mcu.externaltools.gnu-tools-for-stm32.11.3.rel1.win32_1.1.0.202305231506/tools/bin/../lib/gcc/arm-none-eabi/11.3.1/../../../../arm-none-eabi/lib/thumb/v7e-m+fp/hard\libc_nano.a(libc_a-reallocr.o)
                0x000000000800809c                _realloc_r
 .text._malloc_usable_size_r
                0x00000000080080fa       0x10 E:/CUBEIDE/STM32CubeIDE_1.13.1/STM32CubeIDE/plugins/com.st.stm32cube.ide.mcu.externaltools.gnu-tools-for-stm32.11.3.rel1.win32_1.1.0.202305231506/tools/bin/../lib/gcc/arm-none-eabi/11.3.1/../../../../arm-none-eabi/lib/thumb/v7e-m+fp/hard\libc_nano.a(libc_a-msizer.o)
                0x00000000080080fa                _malloc_usable_size_r
 *(.glue_7)
 .glue_7        0x000000000800810a        0x0 linker stubs
 *(.glue_7t)
 .glue_7t       0x000000000800810a        0x0 linker stubs
 *(.eh_frame)
 *fill*         0x000000000800810a        0x2 
 .eh_frame      0x000000000800810c        0x0 E:/CUBEIDE/STM32CubeIDE_1.13.1/STM32CubeIDE/plugins/com.st.stm32cube.ide.mcu.externaltools.gnu-tools-for-stm32.11.3.rel1.win32_1.1.0.202305231506/tools/bin/../lib/gcc/arm-none-eabi/11.3.1/thumb/v7e-m+fp/hard/crtbegin.o
 *(.init)
 .init          0x000000000800810c        0x4 E:/CUBEIDE/STM32CubeIDE_1.13.1/STM32CubeIDE/plugins/com.st.stm32cube.ide.mcu.externaltools.gnu-tools-for-stm32.11.3.rel1.win32_1.1.0.202305231506/tools/bin/../lib/gcc/arm-none-eabi/11.3.1/thumb/v7e-m+fp/hard/crti.o
                0x000000000800810c                _init
 .init          0x0000000008008110        0x8 E:/CUBEIDE/STM32CubeIDE_1.13.1/STM32CubeIDE/plugins/com.st.stm32cube.ide.mcu.externaltools.gnu-tools-for-stm32.11.3.rel1.win32_1.1.0.202305231506/tools/bin/../lib/gcc/arm-none-eabi/11.3.1/thumb/v7e-m+fp/hard/crtn.o
 *(.fini)
 .fini          0x0000000008008118        0x4 E:/CUBEIDE/STM32CubeIDE_1.13.1/STM32CubeIDE/plugins/com.st.stm32cube.ide.mcu.externaltools.gnu-tools-for-stm32.11.3.rel1.win32_1.1.0.202305231506/tools/bin/../lib/gcc/arm-none-eabi/11.3.1/thumb/v7e-m+fp/hard/crti.o
                0x0000000008008118                _fini
 .fini          0x000000000800811c        0x8 E:/CUBEIDE/STM32CubeIDE_1.13.1/STM32CubeIDE/plugins/com.st.stm32cube.ide.mcu.externaltools.gnu-tools-for-stm32.11.3.rel1.win32_1.1.0.202305231506/tools/bin/../lib/gcc/arm-none-eabi/11.3.1/thumb/v7e-m+fp/hard/crtn.o
                0x0000000008008124                . = ALIGN (0x4)
                0x0000000008008124                _etext = .

.vfp11_veneer   0x0000000008008124        0x0
 .vfp11_veneer  0x0000000008008124        0x0 linker stubs

.v4_bx          0x0000000008008124        0x0
 .v4_bx         0x0000000008008124        0x0 linker stubs

.iplt           0x0000000008008124        0x0
 .iplt          0x0000000008008124        0x0 E:/CUBEIDE/STM32CubeIDE_1.13.1/STM32CubeIDE/plugins/com.st.stm32cube.ide.mcu.externaltools.gnu-tools-for-stm32.11.3.rel1.win32_1.1.0.202305231506/tools/bin/../lib/gcc/arm-none-eabi/11.3.1/thumb/v7e-m+fp/hard/crtbegin.o

.rodata         0x0000000008008124     0x1718
                0x0000000008008124                . = ALIGN (0x4)
 *(.rodata)
 .rodata        0x0000000008008124       0x19 ./Core/Src/File_Handling.o
 *fill*         0x000000000800813d        0x3 
 .rodata        0x0000000008008140       0x79 ./Core/Src/bsp_display.o
 *fill*         0x00000000080081b9        0x3 
 .rodata        0x00000000080081bc        0x1 ./Core/Src/bsp_sd_card.o
 *fill*         0x00000000080081bd        0x3 
 .rodata        0x00000000080081c0       0x97 ./Core/Src/st7789.o
 *fill*         0x0000000008008257        0x1 
 .rodata        0x0000000008008258       0x44 ./Middlewares/Third_Party/FatFs/src/ff.o
 *(.rodata*)
 .rodata.Font7x10
                0x000000000800829c      0x76c ./Core/Src/fonts.o
 .rodata.Font11x18
                0x0000000008008a08      0xd5c ./Core/Src/fonts.o
 .rodata.AHBPrescTable
                0x0000000008009764       0x10 ./Core/Src/system_stm32f4xx.o
                0x0000000008009764                AHBPrescTable
 .rodata.SD_Driver
                0x0000000008009774       0x14 ./FATFS/Target/sd_diskio.o
                0x0000000008009774                SD_Driver
 .rodata.ExCvt  0x0000000008009788       0x80 ./Middlewares/Third_Party/FatFs/src/ff.o
 .rodata._svfprintf_r.str1.1
                0x0000000008009808       0x11 E:/CUBEIDE/STM32CubeIDE_1.13.1/STM32CubeIDE/plugins/com.st.stm32cube.ide.mcu.externaltools.gnu-tools-for-stm32.11.3.rel1.win32_1.1.0.202305231506/tools/bin/../lib/gcc/arm-none-eabi/11.3.1/../../../../arm-none-eabi/lib/thumb/v7e-m+fp/hard\libc_nano.a(libc_a-nano-svfprintf.o)
 .rodata._printf_i.str1.1
                0x0000000008009819       0x22 E:/CUBEIDE/STM32CubeIDE_1.13.1/STM32CubeIDE/plugins/com.st.stm32cube.ide.mcu.externaltools.gnu-tools-for-stm32.11.3.rel1.win32_1.1.0.202305231506/tools/bin/../lib/gcc/arm-none-eabi/11.3.1/../../../../arm-none-eabi/lib/thumb/v7e-m+fp/hard\libc_nano.a(libc_a-nano-vfprintf_i.o)
                0x000000000800983c                . = ALIGN (0x4)
 *fill*         0x000000000800983b        0x1 

.ARM.extab      0x000000000800983c        0x0
                0x000000000800983c                . = ALIGN (0x4)
 *(.ARM.extab* .gnu.linkonce.armextab.*)
                0x000000000800983c                . = ALIGN (0x4)

.ARM            0x000000000800983c        0x8
                0x000000000800983c                . = ALIGN (0x4)
                0x000000000800983c                __exidx_start = .
 *(.ARM.exidx*)
 .ARM.exidx     0x000000000800983c        0x8 E:/CUBEIDE/STM32CubeIDE_1.13.1/STM32CubeIDE/plugins/com.st.stm32cube.ide.mcu.externaltools.gnu-tools-for-stm32.11.3.rel1.win32_1.1.0.202305231506/tools/bin/../lib/gcc/arm-none-eabi/11.3.1/thumb/v7e-m+fp/hard\libgcc.a(_udivmoddi4.o)
                0x0000000008009844                __exidx_end = .
                0x0000000008009844                . = ALIGN (0x4)

.rel.dyn        0x0000000008009844        0x0
 .rel.iplt      0x0000000008009844        0x0 E:/CUBEIDE/STM32CubeIDE_1.13.1/STM32CubeIDE/plugins/com.st.stm32cube.ide.mcu.externaltools.gnu-tools-for-stm32.11.3.rel1.win32_1.1.0.202305231506/tools/bin/../lib/gcc/arm-none-eabi/11.3.1/thumb/v7e-m+fp/hard/crtbegin.o

.preinit_array  0x0000000008009844        0x0
                0x0000000008009844                . = ALIGN (0x4)
                0x0000000008009844                PROVIDE (__preinit_array_start = .)
 *(.preinit_array*)
                0x0000000008009844                PROVIDE (__preinit_array_end = .)
                0x0000000008009844                . = ALIGN (0x4)

.init_array     0x0000000008009844        0x4
                0x0000000008009844                . = ALIGN (0x4)
                0x0000000008009844                PROVIDE (__init_array_start = .)
 *(SORT_BY_NAME(.init_array.*))
 *(.init_array*)
 .init_array    0x0000000008009844        0x4 E:/CUBEIDE/STM32CubeIDE_1.13.1/STM32CubeIDE/plugins/com.st.stm32cube.ide.mcu.externaltools.gnu-tools-for-stm32.11.3.rel1.win32_1.1.0.202305231506/tools/bin/../lib/gcc/arm-none-eabi/11.3.1/thumb/v7e-m+fp/hard/crtbegin.o
                0x0000000008009848                PROVIDE (__init_array_end = .)
                0x0000000008009848                . = ALIGN (0x4)

.fini_array     0x0000000008009848        0x4
                0x0000000008009848                . = ALIGN (0x4)
                [!provide]                        PROVIDE (__fini_array_start = .)
 *(SORT_BY_NAME(.fini_array.*))
 *(.fini_array*)
 .fini_array    0x0000000008009848        0x4 E:/CUBEIDE/STM32CubeIDE_1.13.1/STM32CubeIDE/plugins/com.st.stm32cube.ide.mcu.externaltools.gnu-tools-for-stm32.11.3.rel1.win32_1.1.0.202305231506/tools/bin/../lib/gcc/arm-none-eabi/11.3.1/thumb/v7e-m+fp/hard/crtbegin.o
                [!provide]                        PROVIDE (__fini_array_end = .)
                0x000000000800984c                . = ALIGN (0x4)
                0x000000000800984c                _sidata = LOADADDR (.data)

.data           0x0000000020000000       0x6c load address 0x000000000800984c
                0x0000000020000000                . = ALIGN (0x4)
                0x0000000020000000                _sdata = .
 *(.data)
 *(.data*)
 .data.Font_7x10
                0x0000000020000000        0x8 ./Core/Src/fonts.o
                0x0000000020000000                Font_7x10
 .data.Font_11x18
                0x0000000020000008        0x8 ./Core/Src/fonts.o
                0x0000000020000008                Font_11x18
 .data.SystemCoreClock
                0x0000000020000010        0x4 ./Core/Src/system_stm32f4xx.o
                0x0000000020000010                SystemCoreClock
 .data.uwTickPrio
                0x0000000020000014        0x4 ./Drivers/STM32F4xx_HAL_Driver/Src/stm32f4xx_hal.o
                0x0000000020000014                uwTickPrio
 .data.uwTickFreq
                0x0000000020000018        0x1 ./Drivers/STM32F4xx_HAL_Driver/Src/stm32f4xx_hal.o
                0x0000000020000018                uwTickFreq
 .data.Stat     0x0000000020000019        0x1 ./FATFS/Target/sd_diskio.o
 *fill*         0x000000002000001a        0x2 
 .data._impure_data
                0x000000002000001c       0x4c E:/CUBEIDE/STM32CubeIDE_1.13.1/STM32CubeIDE/plugins/com.st.stm32cube.ide.mcu.externaltools.gnu-tools-for-stm32.11.3.rel1.win32_1.1.0.202305231506/tools/bin/../lib/gcc/arm-none-eabi/11.3.1/../../../../arm-none-eabi/lib/thumb/v7e-m+fp/hard\libc_nano.a(libc_a-impure.o)
                0x000000002000001c                _impure_data
 .data._impure_ptr
                0x0000000020000068        0x4 E:/CUBEIDE/STM32CubeIDE_1.13.1/STM32CubeIDE/plugins/com.st.stm32cube.ide.mcu.externaltools.gnu-tools-for-stm32.11.3.rel1.win32_1.1.0.202305231506/tools/bin/../lib/gcc/arm-none-eabi/11.3.1/../../../../arm-none-eabi/lib/thumb/v7e-m+fp/hard\libc_nano.a(libc_a-impure.o)
                0x0000000020000068                _impure_ptr
 *(.RamFunc)
 *(.RamFunc*)
                0x000000002000006c                . = ALIGN (0x4)
                0x000000002000006c                _edata = .
                0x00000000080098b8                _siccmram = LOADADDR (.ccmram)

.igot.plt       0x000000002000006c        0x0 load address 0x00000000080098b8
 .igot.plt      0x000000002000006c        0x0 E:/CUBEIDE/STM32CubeIDE_1.13.1/STM32CubeIDE/plugins/com.st.stm32cube.ide.mcu.externaltools.gnu-tools-for-stm32.11.3.rel1.win32_1.1.0.202305231506/tools/bin/../lib/gcc/arm-none-eabi/11.3.1/thumb/v7e-m+fp/hard/crtbegin.o

.ccmram         0x0000000010000000        0x0 load address 0x00000000080098b8
                0x0000000010000000                . = ALIGN (0x4)
                0x0000000010000000                _sccmram = .
 *(.ccmram)
 *(.ccmram*)
                0x0000000010000000                . = ALIGN (0x4)
                0x0000000010000000                _eccmram = .
                0x0000000010000000                . = ALIGN (0x4)

.bss            0x000000002000006c      0xafc
                0x000000002000006c                _sbss = .
                0x000000002000006c                __bss_start__ = _sbss
 *(.bss)
 .bss           0x000000002000006c       0x1c E:/CUBEIDE/STM32CubeIDE_1.13.1/STM32CubeIDE/plugins/com.st.stm32cube.ide.mcu.externaltools.gnu-tools-for-stm32.11.3.rel1.win32_1.1.0.202305231506/tools/bin/../lib/gcc/arm-none-eabi/11.3.1/thumb/v7e-m+fp/hard/crtbegin.o
 *(.bss*)
 .bss.fs        0x0000000020000088      0x230 ./Core/Src/File_Handling.o
                0x0000000020000088                fs
 .bss.fil       0x00000000200002b8      0x230 ./Core/Src/File_Handling.o
                0x00000000200002b8                fil
 .bss.fno       0x00000000200004e8       0x18 ./Core/Src/File_Handling.o
                0x00000000200004e8                fno
 .bss.fresult   0x0000000020000500        0x1 ./Core/Src/File_Handling.o
                0x0000000020000500                fresult
 *fill*         0x0000000020000501        0x3 
 .bss.br        0x0000000020000504        0x4 ./Core/Src/File_Handling.o
                0x0000000020000504                br
 .bss.list_file
                0x0000000020000508      0x3f2 ./Core/Src/bsp_sd_card.o
                0x0000000020000508                list_file
 *fill*         0x00000000200008fa        0x2 
 .bss.hsd       0x00000000200008fc       0x84 ./Core/Src/main.o
                0x00000000200008fc                hsd
 .bss.hspi1     0x0000000020000980       0x58 ./Core/Src/main.o
                0x0000000020000980                hspi1
 .bss.__sbrk_heap_end
                0x00000000200009d8        0x4 ./Core/Src/sysmem.o
 .bss.sys_state
                0x00000000200009dc        0x1 ./Core/Src/system.o
                0x00000000200009dc                sys_state
 .bss.detect_state_change
                0x00000000200009dd        0x1 ./Core/Src/system.o
                0x00000000200009dd                detect_state_change
 .bss.index_file_to_read
                0x00000000200009de        0x1 ./Core/Src/system.o
                0x00000000200009de                index_file_to_read
 .bss.num_max_of_file
                0x00000000200009df        0x1 ./Core/Src/system.o
                0x00000000200009df                num_max_of_file
 .bss.uwTick    0x00000000200009e0        0x4 ./Drivers/STM32F4xx_HAL_Driver/Src/stm32f4xx_hal.o
                0x00000000200009e0                uwTick
 .bss.retSD     0x00000000200009e4        0x1 ./FATFS/App/fatfs.o
                0x00000000200009e4                retSD
 *fill*         0x00000000200009e5        0x3 
 .bss.SDPath    0x00000000200009e8        0x4 ./FATFS/App/fatfs.o
                0x00000000200009e8                SDPath
 .bss.FatFs     0x00000000200009ec        0x4 ./Middlewares/Third_Party/FatFs/src/ff.o
 .bss.Fsid      0x00000000200009f0        0x2 ./Middlewares/Third_Party/FatFs/src/ff.o
 *fill*         0x00000000200009f2        0x2 
 .bss.Files     0x00000000200009f4       0x20 ./Middlewares/Third_Party/FatFs/src/ff.o
 .bss.disk      0x0000000020000a14        0xc ./Middlewares/Third_Party/FatFs/src/ff_gen_drv.o
                0x0000000020000a14                disk
 .bss.__malloc_free_list
                0x0000000020000a20        0x4 E:/CUBEIDE/STM32CubeIDE_1.13.1/STM32CubeIDE/plugins/com.st.stm32cube.ide.mcu.externaltools.gnu-tools-for-stm32.11.3.rel1.win32_1.1.0.202305231506/tools/bin/../lib/gcc/arm-none-eabi/11.3.1/../../../../arm-none-eabi/lib/thumb/v7e-m+fp/hard\libc_nano.a(libc_a-mallocr.o)
                0x0000000020000a20                __malloc_free_list
 .bss.__malloc_sbrk_start
                0x0000000020000a24        0x4 E:/CUBEIDE/STM32CubeIDE_1.13.1/STM32CubeIDE/plugins/com.st.stm32cube.ide.mcu.externaltools.gnu-tools-for-stm32.11.3.rel1.win32_1.1.0.202305231506/tools/bin/../lib/gcc/arm-none-eabi/11.3.1/../../../../arm-none-eabi/lib/thumb/v7e-m+fp/hard\libc_nano.a(libc_a-mallocr.o)
                0x0000000020000a24                __malloc_sbrk_start
 .bss.__sf      0x0000000020000a28      0x138 E:/CUBEIDE/STM32CubeIDE_1.13.1/STM32CubeIDE/plugins/com.st.stm32cube.ide.mcu.externaltools.gnu-tools-for-stm32.11.3.rel1.win32_1.1.0.202305231506/tools/bin/../lib/gcc/arm-none-eabi/11.3.1/../../../../arm-none-eabi/lib/thumb/v7e-m+fp/hard\libc_nano.a(libc_a-findfp.o)
                0x0000000020000a28                __sf
 .bss.errno     0x0000000020000b60        0x4 E:/CUBEIDE/STM32CubeIDE_1.13.1/STM32CubeIDE/plugins/com.st.stm32cube.ide.mcu.externaltools.gnu-tools-for-stm32.11.3.rel1.win32_1.1.0.202305231506/tools/bin/../lib/gcc/arm-none-eabi/11.3.1/../../../../arm-none-eabi/lib/thumb/v7e-m+fp/hard\libc_nano.a(libc_a-reent.o)
                0x0000000020000b60                errno
 .bss.__lock___malloc_recursive_mutex
                0x0000000020000b64        0x1 E:/CUBEIDE/STM32CubeIDE_1.13.1/STM32CubeIDE/plugins/com.st.stm32cube.ide.mcu.externaltools.gnu-tools-for-stm32.11.3.rel1.win32_1.1.0.202305231506/tools/bin/../lib/gcc/arm-none-eabi/11.3.1/../../../../arm-none-eabi/lib/thumb/v7e-m+fp/hard\libc_nano.a(libc_a-lock.o)
                0x0000000020000b64                __lock___malloc_recursive_mutex
 *(COMMON)
                0x0000000020000b68                . = ALIGN (0x4)
 *fill*         0x0000000020000b65        0x3 
                0x0000000020000b68                _ebss = .
                0x0000000020000b68                __bss_end__ = _ebss

._user_heap_stack
                0x0000000020000b68      0x600
                0x0000000020000b68                . = ALIGN (0x8)
                [!provide]                        PROVIDE (end = .)
                0x0000000020000b68                PROVIDE (_end = .)
                0x0000000020000d68                . = (. + _Min_Heap_Size)
 *fill*         0x0000000020000b68      0x200 
                0x0000000020001168                . = (. + _Min_Stack_Size)
 *fill*         0x0000000020000d68      0x400 
                0x0000000020001168                . = ALIGN (0x8)

/DISCARD/
 libc.a(*)
 libm.a(*)
 libgcc.a(*)

.ARM.attributes
                0x0000000000000000       0x30
 *(.ARM.attributes)
 .ARM.attributes
                0x0000000000000000       0x1e E:/CUBEIDE/STM32CubeIDE_1.13.1/STM32CubeIDE/plugins/com.st.stm32cube.ide.mcu.externaltools.gnu-tools-for-stm32.11.3.rel1.win32_1.1.0.202305231506/tools/bin/../lib/gcc/arm-none-eabi/11.3.1/thumb/v7e-m+fp/hard/crti.o
 .ARM.attributes
                0x000000000000001e       0x34 E:/CUBEIDE/STM32CubeIDE_1.13.1/STM32CubeIDE/plugins/com.st.stm32cube.ide.mcu.externaltools.gnu-tools-for-stm32.11.3.rel1.win32_1.1.0.202305231506/tools/bin/../lib/gcc/arm-none-eabi/11.3.1/thumb/v7e-m+fp/hard/crtbegin.o
 .ARM.attributes
                0x0000000000000052       0x34 ./Core/Src/File_Handling.o
 .ARM.attributes
                0x0000000000000086       0x34 ./Core/Src/bsp_display.o
 .ARM.attributes
                0x00000000000000ba       0x34 ./Core/Src/bsp_sd_card.o
 .ARM.attributes
                0x00000000000000ee       0x34 ./Core/Src/fonts.o
 .ARM.attributes
                0x0000000000000122       0x34 ./Core/Src/main.o
 .ARM.attributes
                0x0000000000000156       0x34 ./Core/Src/st7789.o
 .ARM.attributes
                0x000000000000018a       0x34 ./Core/Src/stm32f4xx_hal_msp.o
 .ARM.attributes
                0x00000000000001be       0x34 ./Core/Src/stm32f4xx_it.o
 .ARM.attributes
                0x00000000000001f2       0x34 ./Core/Src/sysmem.o
 .ARM.attributes
                0x0000000000000226       0x34 ./Core/Src/system.o
 .ARM.attributes
                0x000000000000025a       0x34 ./Core/Src/system_stm32f4xx.o
 .ARM.attributes
                0x000000000000028e       0x21 ./Core/Startup/startup_stm32f405rgtx.o
 .ARM.attributes
                0x00000000000002af       0x34 ./Drivers/STM32F4xx_HAL_Driver/Src/stm32f4xx_hal.o
 .ARM.attributes
                0x00000000000002e3       0x34 ./Drivers/STM32F4xx_HAL_Driver/Src/stm32f4xx_hal_cortex.o
 .ARM.attributes
                0x0000000000000317       0x34 ./Drivers/STM32F4xx_HAL_Driver/Src/stm32f4xx_hal_dma.o
 .ARM.attributes
                0x000000000000034b       0x34 ./Drivers/STM32F4xx_HAL_Driver/Src/stm32f4xx_hal_gpio.o
 .ARM.attributes
                0x000000000000037f       0x34 ./Drivers/STM32F4xx_HAL_Driver/Src/stm32f4xx_hal_rcc.o
 .ARM.attributes
                0x00000000000003b3       0x34 ./Drivers/STM32F4xx_HAL_Driver/Src/stm32f4xx_hal_sd.o
 .ARM.attributes
                0x00000000000003e7       0x34 ./Drivers/STM32F4xx_HAL_Driver/Src/stm32f4xx_hal_spi.o
 .ARM.attributes
                0x000000000000041b       0x34 ./Drivers/STM32F4xx_HAL_Driver/Src/stm32f4xx_ll_sdmmc.o
 .ARM.attributes
                0x000000000000044f       0x34 ./FATFS/App/fatfs.o
 .ARM.attributes
                0x0000000000000483       0x34 ./FATFS/Target/bsp_driver_sd.o
 .ARM.attributes
                0x00000000000004b7       0x34 ./FATFS/Target/sd_diskio.o
 .ARM.attributes
                0x00000000000004eb       0x34 ./Middlewares/Third_Party/FatFs/src/diskio.o
 .ARM.attributes
                0x000000000000051f       0x34 ./Middlewares/Third_Party/FatFs/src/ff.o
 .ARM.attributes
                0x0000000000000553       0x34 ./Middlewares/Third_Party/FatFs/src/ff_gen_drv.o
 .ARM.attributes
                0x0000000000000587       0x34 E:/CUBEIDE/STM32CubeIDE_1.13.1/STM32CubeIDE/plugins/com.st.stm32cube.ide.mcu.externaltools.gnu-tools-for-stm32.11.3.rel1.win32_1.1.0.202305231506/tools/bin/../lib/gcc/arm-none-eabi/11.3.1/../../../../arm-none-eabi/lib/thumb/v7e-m+fp/hard\libc_nano.a(libc_a-calloc.o)
 .ARM.attributes
                0x00000000000005bb       0x34 E:/CUBEIDE/STM32CubeIDE_1.13.1/STM32CubeIDE/plugins/com.st.stm32cube.ide.mcu.externaltools.gnu-tools-for-stm32.11.3.rel1.win32_1.1.0.202305231506/tools/bin/../lib/gcc/arm-none-eabi/11.3.1/../../../../arm-none-eabi/lib/thumb/v7e-m+fp/hard\libc_nano.a(libc_a-callocr.o)
 .ARM.attributes
                0x00000000000005ef       0x34 E:/CUBEIDE/STM32CubeIDE_1.13.1/STM32CubeIDE/plugins/com.st.stm32cube.ide.mcu.externaltools.gnu-tools-for-stm32.11.3.rel1.win32_1.1.0.202305231506/tools/bin/../lib/gcc/arm-none-eabi/11.3.1/../../../../arm-none-eabi/lib/thumb/v7e-m+fp/hard\libc_nano.a(libc_a-malloc.o)
 .ARM.attributes
                0x0000000000000623       0x34 E:/CUBEIDE/STM32CubeIDE_1.13.1/STM32CubeIDE/plugins/com.st.stm32cube.ide.mcu.externaltools.gnu-tools-for-stm32.11.3.rel1.win32_1.1.0.202305231506/tools/bin/../lib/gcc/arm-none-eabi/11.3.1/../../../../arm-none-eabi/lib/thumb/v7e-m+fp/hard\libc_nano.a(libc_a-mallocr.o)
 .ARM.attributes
                0x0000000000000657       0x34 E:/CUBEIDE/STM32CubeIDE_1.13.1/STM32CubeIDE/plugins/com.st.stm32cube.ide.mcu.externaltools.gnu-tools-for-stm32.11.3.rel1.win32_1.1.0.202305231506/tools/bin/../lib/gcc/arm-none-eabi/11.3.1/../../../../arm-none-eabi/lib/thumb/v7e-m+fp/hard\libc_nano.a(libc_a-mlock.o)
 .ARM.attributes
                0x000000000000068b       0x34 E:/CUBEIDE/STM32CubeIDE_1.13.1/STM32CubeIDE/plugins/com.st.stm32cube.ide.mcu.externaltools.gnu-tools-for-stm32.11.3.rel1.win32_1.1.0.202305231506/tools/bin/../lib/gcc/arm-none-eabi/11.3.1/../../../../arm-none-eabi/lib/thumb/v7e-m+fp/hard\libc_nano.a(libc_a-findfp.o)
 .ARM.attributes
                0x00000000000006bf       0x34 E:/CUBEIDE/STM32CubeIDE_1.13.1/STM32CubeIDE/plugins/com.st.stm32cube.ide.mcu.externaltools.gnu-tools-for-stm32.11.3.rel1.win32_1.1.0.202305231506/tools/bin/../lib/gcc/arm-none-eabi/11.3.1/../../../../arm-none-eabi/lib/thumb/v7e-m+fp/hard\libc_nano.a(libc_a-sprintf.o)
 .ARM.attributes
                0x00000000000006f3       0x34 E:/CUBEIDE/STM32CubeIDE_1.13.1/STM32CubeIDE/plugins/com.st.stm32cube.ide.mcu.externaltools.gnu-tools-for-stm32.11.3.rel1.win32_1.1.0.202305231506/tools/bin/../lib/gcc/arm-none-eabi/11.3.1/../../../../arm-none-eabi/lib/thumb/v7e-m+fp/hard\libc_nano.a(libc_a-memset.o)
 .ARM.attributes
                0x0000000000000727       0x34 E:/CUBEIDE/STM32CubeIDE_1.13.1/STM32CubeIDE/plugins/com.st.stm32cube.ide.mcu.externaltools.gnu-tools-for-stm32.11.3.rel1.win32_1.1.0.202305231506/tools/bin/../lib/gcc/arm-none-eabi/11.3.1/../../../../arm-none-eabi/lib/thumb/v7e-m+fp/hard\libc_nano.a(libc_a-reent.o)
 .ARM.attributes
                0x000000000000075b       0x34 E:/CUBEIDE/STM32CubeIDE_1.13.1/STM32CubeIDE/plugins/com.st.stm32cube.ide.mcu.externaltools.gnu-tools-for-stm32.11.3.rel1.win32_1.1.0.202305231506/tools/bin/../lib/gcc/arm-none-eabi/11.3.1/../../../../arm-none-eabi/lib/thumb/v7e-m+fp/hard\libc_nano.a(libc_a-impure.o)
 .ARM.attributes
                0x000000000000078f       0x34 E:/CUBEIDE/STM32CubeIDE_1.13.1/STM32CubeIDE/plugins/com.st.stm32cube.ide.mcu.externaltools.gnu-tools-for-stm32.11.3.rel1.win32_1.1.0.202305231506/tools/bin/../lib/gcc/arm-none-eabi/11.3.1/../../../../arm-none-eabi/lib/thumb/v7e-m+fp/hard\libc_nano.a(libc_a-sbrkr.o)
 .ARM.attributes
                0x00000000000007c3       0x34 E:/CUBEIDE/STM32CubeIDE_1.13.1/STM32CubeIDE/plugins/com.st.stm32cube.ide.mcu.externaltools.gnu-tools-for-stm32.11.3.rel1.win32_1.1.0.202305231506/tools/bin/../lib/gcc/arm-none-eabi/11.3.1/../../../../arm-none-eabi/lib/thumb/v7e-m+fp/hard\libc_nano.a(libc_a-errno.o)
 .ARM.attributes
                0x00000000000007f7       0x34 E:/CUBEIDE/STM32CubeIDE_1.13.1/STM32CubeIDE/plugins/com.st.stm32cube.ide.mcu.externaltools.gnu-tools-for-stm32.11.3.rel1.win32_1.1.0.202305231506/tools/bin/../lib/gcc/arm-none-eabi/11.3.1/../../../../arm-none-eabi/lib/thumb/v7e-m+fp/hard\libc_nano.a(libc_a-init.o)
 .ARM.attributes
                0x000000000000082b       0x34 E:/CUBEIDE/STM32CubeIDE_1.13.1/STM32CubeIDE/plugins/com.st.stm32cube.ide.mcu.externaltools.gnu-tools-for-stm32.11.3.rel1.win32_1.1.0.202305231506/tools/bin/../lib/gcc/arm-none-eabi/11.3.1/../../../../arm-none-eabi/lib/thumb/v7e-m+fp/hard\libc_nano.a(libc_a-lock.o)
 .ARM.attributes
                0x000000000000085f       0x1c E:/CUBEIDE/STM32CubeIDE_1.13.1/STM32CubeIDE/plugins/com.st.stm32cube.ide.mcu.externaltools.gnu-tools-for-stm32.11.3.rel1.win32_1.1.0.202305231506/tools/bin/../lib/gcc/arm-none-eabi/11.3.1/../../../../arm-none-eabi/lib/thumb/v7e-m+fp/hard\libc_nano.a(libc_a-strcmp.o)
 .ARM.attributes
                0x000000000000087b       0x17 E:/CUBEIDE/STM32CubeIDE_1.13.1/STM32CubeIDE/plugins/com.st.stm32cube.ide.mcu.externaltools.gnu-tools-for-stm32.11.3.rel1.win32_1.1.0.202305231506/tools/bin/../lib/gcc/arm-none-eabi/11.3.1/../../../../arm-none-eabi/lib/thumb/v7e-m+fp/hard\libc_nano.a(libc_a-strlen.o)
 .ARM.attributes
                0x0000000000000892       0x34 E:/CUBEIDE/STM32CubeIDE_1.13.1/STM32CubeIDE/plugins/com.st.stm32cube.ide.mcu.externaltools.gnu-tools-for-stm32.11.3.rel1.win32_1.1.0.202305231506/tools/bin/../lib/gcc/arm-none-eabi/11.3.1/../../../../arm-none-eabi/lib/thumb/v7e-m+fp/hard\libc_nano.a(libc_a-freer.o)
 .ARM.attributes
                0x00000000000008c6       0x34 E:/CUBEIDE/STM32CubeIDE_1.13.1/STM32CubeIDE/plugins/com.st.stm32cube.ide.mcu.externaltools.gnu-tools-for-stm32.11.3.rel1.win32_1.1.0.202305231506/tools/bin/../lib/gcc/arm-none-eabi/11.3.1/../../../../arm-none-eabi/lib/thumb/v7e-m+fp/hard\libc_nano.a(libc_a-nano-svfprintf.o)
 .ARM.attributes
                0x00000000000008fa       0x34 E:/CUBEIDE/STM32CubeIDE_1.13.1/STM32CubeIDE/plugins/com.st.stm32cube.ide.mcu.externaltools.gnu-tools-for-stm32.11.3.rel1.win32_1.1.0.202305231506/tools/bin/../lib/gcc/arm-none-eabi/11.3.1/../../../../arm-none-eabi/lib/thumb/v7e-m+fp/hard\libc_nano.a(libc_a-nano-vfprintf_i.o)
 .ARM.attributes
                0x000000000000092e       0x34 E:/CUBEIDE/STM32CubeIDE_1.13.1/STM32CubeIDE/plugins/com.st.stm32cube.ide.mcu.externaltools.gnu-tools-for-stm32.11.3.rel1.win32_1.1.0.202305231506/tools/bin/../lib/gcc/arm-none-eabi/11.3.1/../../../../arm-none-eabi/lib/thumb/v7e-m+fp/hard\libc_nano.a(libc_a-memmove.o)
 .ARM.attributes
                0x0000000000000962       0x1c E:/CUBEIDE/STM32CubeIDE_1.13.1/STM32CubeIDE/plugins/com.st.stm32cube.ide.mcu.externaltools.gnu-tools-for-stm32.11.3.rel1.win32_1.1.0.202305231506/tools/bin/../lib/gcc/arm-none-eabi/11.3.1/../../../../arm-none-eabi/lib/thumb/v7e-m+fp/hard\libc_nano.a(libc_a-memchr.o)
 .ARM.attributes
                0x000000000000097e       0x34 E:/CUBEIDE/STM32CubeIDE_1.13.1/STM32CubeIDE/plugins/com.st.stm32cube.ide.mcu.externaltools.gnu-tools-for-stm32.11.3.rel1.win32_1.1.0.202305231506/tools/bin/../lib/gcc/arm-none-eabi/11.3.1/../../../../arm-none-eabi/lib/thumb/v7e-m+fp/hard\libc_nano.a(libc_a-memcpy-stub.o)
 .ARM.attributes
                0x00000000000009b2       0x34 E:/CUBEIDE/STM32CubeIDE_1.13.1/STM32CubeIDE/plugins/com.st.stm32cube.ide.mcu.externaltools.gnu-tools-for-stm32.11.3.rel1.win32_1.1.0.202305231506/tools/bin/../lib/gcc/arm-none-eabi/11.3.1/../../../../arm-none-eabi/lib/thumb/v7e-m+fp/hard\libc_nano.a(libc_a-reallocr.o)
 .ARM.attributes
                0x00000000000009e6       0x34 E:/CUBEIDE/STM32CubeIDE_1.13.1/STM32CubeIDE/plugins/com.st.stm32cube.ide.mcu.externaltools.gnu-tools-for-stm32.11.3.rel1.win32_1.1.0.202305231506/tools/bin/../lib/gcc/arm-none-eabi/11.3.1/../../../../arm-none-eabi/lib/thumb/v7e-m+fp/hard\libc_nano.a(libc_a-msizer.o)
 .ARM.attributes
                0x0000000000000a1a       0x1e E:/CUBEIDE/STM32CubeIDE_1.13.1/STM32CubeIDE/plugins/com.st.stm32cube.ide.mcu.externaltools.gnu-tools-for-stm32.11.3.rel1.win32_1.1.0.202305231506/tools/bin/../lib/gcc/arm-none-eabi/11.3.1/thumb/v7e-m+fp/hard\libgcc.a(_aeabi_uldivmod.o)
 .ARM.attributes
                0x0000000000000a38       0x34 E:/CUBEIDE/STM32CubeIDE_1.13.1/STM32CubeIDE/plugins/com.st.stm32cube.ide.mcu.externaltools.gnu-tools-for-stm32.11.3.rel1.win32_1.1.0.202305231506/tools/bin/../lib/gcc/arm-none-eabi/11.3.1/thumb/v7e-m+fp/hard\libgcc.a(_udivmoddi4.o)
 .ARM.attributes
                0x0000000000000a6c       0x1e E:/CUBEIDE/STM32CubeIDE_1.13.1/STM32CubeIDE/plugins/com.st.stm32cube.ide.mcu.externaltools.gnu-tools-for-stm32.11.3.rel1.win32_1.1.0.202305231506/tools/bin/../lib/gcc/arm-none-eabi/11.3.1/thumb/v7e-m+fp/hard\libgcc.a(_dvmd_tls.o)
 .ARM.attributes
                0x0000000000000a8a       0x1e E:/CUBEIDE/STM32CubeIDE_1.13.1/STM32CubeIDE/plugins/com.st.stm32cube.ide.mcu.externaltools.gnu-tools-for-stm32.11.3.rel1.win32_1.1.0.202305231506/tools/bin/../lib/gcc/arm-none-eabi/11.3.1/thumb/v7e-m+fp/hard/crtn.o
OUTPUT(Lab_SDcard_LCD.elf elf32-littlearm)
LOAD linker stubs
LOAD E:/CUBEIDE/STM32CubeIDE_1.13.1/STM32CubeIDE/plugins/com.st.stm32cube.ide.mcu.externaltools.gnu-tools-for-stm32.11.3.rel1.win32_1.1.0.202305231506/tools/bin/../lib/gcc/arm-none-eabi/11.3.1/../../../../arm-none-eabi/lib/thumb/v7e-m+fp/hard\libc.a
LOAD E:/CUBEIDE/STM32CubeIDE_1.13.1/STM32CubeIDE/plugins/com.st.stm32cube.ide.mcu.externaltools.gnu-tools-for-stm32.11.3.rel1.win32_1.1.0.202305231506/tools/bin/../lib/gcc/arm-none-eabi/11.3.1/../../../../arm-none-eabi/lib/thumb/v7e-m+fp/hard\libm.a
LOAD E:/CUBEIDE/STM32CubeIDE_1.13.1/STM32CubeIDE/plugins/com.st.stm32cube.ide.mcu.externaltools.gnu-tools-for-stm32.11.3.rel1.win32_1.1.0.202305231506/tools/bin/../lib/gcc/arm-none-eabi/11.3.1/thumb/v7e-m+fp/hard\libgcc.a

.comment        0x0000000000000000       0x43
 .comment       0x0000000000000000       0x43 E:/CUBEIDE/STM32CubeIDE_1.13.1/STM32CubeIDE/plugins/com.st.stm32cube.ide.mcu.externaltools.gnu-tools-for-stm32.11.3.rel1.win32_1.1.0.202305231506/tools/bin/../lib/gcc/arm-none-eabi/11.3.1/thumb/v7e-m+fp/hard/crtbegin.o
                                         0x44 (size before relaxing)
 .comment       0x0000000000000043       0x44 ./Core/Src/File_Handling.o
 .comment       0x0000000000000043       0x44 ./Core/Src/bsp_display.o
 .comment       0x0000000000000043       0x44 ./Core/Src/bsp_sd_card.o
 .comment       0x0000000000000043       0x44 ./Core/Src/fonts.o
 .comment       0x0000000000000043       0x44 ./Core/Src/main.o
 .comment       0x0000000000000043       0x44 ./Core/Src/st7789.o
 .comment       0x0000000000000043       0x44 ./Core/Src/stm32f4xx_hal_msp.o
 .comment       0x0000000000000043       0x44 ./Core/Src/stm32f4xx_it.o
 .comment       0x0000000000000043       0x44 ./Core/Src/sysmem.o
 .comment       0x0000000000000043       0x44 ./Core/Src/system.o
 .comment       0x0000000000000043       0x44 ./Core/Src/system_stm32f4xx.o
 .comment       0x0000000000000043       0x44 ./Drivers/STM32F4xx_HAL_Driver/Src/stm32f4xx_hal.o
 .comment       0x0000000000000043       0x44 ./Drivers/STM32F4xx_HAL_Driver/Src/stm32f4xx_hal_cortex.o
 .comment       0x0000000000000043       0x44 ./Drivers/STM32F4xx_HAL_Driver/Src/stm32f4xx_hal_dma.o
 .comment       0x0000000000000043       0x44 ./Drivers/STM32F4xx_HAL_Driver/Src/stm32f4xx_hal_gpio.o
 .comment       0x0000000000000043       0x44 ./Drivers/STM32F4xx_HAL_Driver/Src/stm32f4xx_hal_rcc.o
 .comment       0x0000000000000043       0x44 ./Drivers/STM32F4xx_HAL_Driver/Src/stm32f4xx_hal_sd.o
 .comment       0x0000000000000043       0x44 ./Drivers/STM32F4xx_HAL_Driver/Src/stm32f4xx_hal_spi.o
 .comment       0x0000000000000043       0x44 ./Drivers/STM32F4xx_HAL_Driver/Src/stm32f4xx_ll_sdmmc.o
 .comment       0x0000000000000043       0x44 ./FATFS/App/fatfs.o
 .comment       0x0000000000000043       0x44 ./FATFS/Target/bsp_driver_sd.o
 .comment       0x0000000000000043       0x44 ./FATFS/Target/sd_diskio.o
 .comment       0x0000000000000043       0x44 ./Middlewares/Third_Party/FatFs/src/diskio.o
 .comment       0x0000000000000043       0x44 ./Middlewares/Third_Party/FatFs/src/ff.o
 .comment       0x0000000000000043       0x44 ./Middlewares/Third_Party/FatFs/src/ff_gen_drv.o

.debug_info     0x0000000000000000    0x109cd
 .debug_info    0x0000000000000000      0x99e ./Core/Src/File_Handling.o
 .debug_info    0x000000000000099e      0x44b ./Core/Src/bsp_display.o
 .debug_info    0x0000000000000de9      0x260 ./Core/Src/bsp_sd_card.o
 .debug_info    0x0000000000001049      0x1e9 ./Core/Src/fonts.o
 .debug_info    0x0000000000001232     0x11f0 ./Core/Src/main.o
 .debug_info    0x0000000000002422     0x1154 ./Core/Src/st7789.o
 .debug_info    0x0000000000003576      0xfb3 ./Core/Src/stm32f4xx_hal_msp.o
 .debug_info    0x0000000000004529      0xa3e ./Core/Src/stm32f4xx_it.o
 .debug_info    0x0000000000004f67      0x168 ./Core/Src/sysmem.o
 .debug_info    0x00000000000050cf      0x4b2 ./Core/Src/system.o
 .debug_info    0x0000000000005581      0x512 ./Core/Src/system_stm32f4xx.o
 .debug_info    0x0000000000005a93       0x23 ./Core/Startup/startup_stm32f405rgtx.o
 .debug_info    0x0000000000005ab6      0x936 ./Drivers/STM32F4xx_HAL_Driver/Src/stm32f4xx_hal.o
 .debug_info    0x00000000000063ec      0xd34 ./Drivers/STM32F4xx_HAL_Driver/Src/stm32f4xx_hal_cortex.o
 .debug_info    0x0000000000007120      0x8e7 ./Drivers/STM32F4xx_HAL_Driver/Src/stm32f4xx_hal_dma.o
 .debug_info    0x0000000000007a07      0x6c3 ./Drivers/STM32F4xx_HAL_Driver/Src/stm32f4xx_hal_gpio.o
 .debug_info    0x00000000000080ca      0x8b1 ./Drivers/STM32F4xx_HAL_Driver/Src/stm32f4xx_hal_rcc.o
 .debug_info    0x000000000000897b     0x1c0a ./Drivers/STM32F4xx_HAL_Driver/Src/stm32f4xx_hal_sd.o
 .debug_info    0x000000000000a585     0x15fb ./Drivers/STM32F4xx_HAL_Driver/Src/stm32f4xx_hal_spi.o
 .debug_info    0x000000000000bb80     0x10c4 ./Drivers/STM32F4xx_HAL_Driver/Src/stm32f4xx_ll_sdmmc.o
 .debug_info    0x000000000000cc44      0x4d9 ./FATFS/App/fatfs.o
 .debug_info    0x000000000000d11d      0xabd ./FATFS/Target/bsp_driver_sd.o
 .debug_info    0x000000000000dbda      0x4b8 ./FATFS/Target/sd_diskio.o
 .debug_info    0x000000000000e092      0x3df ./Middlewares/Third_Party/FatFs/src/diskio.o
 .debug_info    0x000000000000e471     0x21dd ./Middlewares/Third_Party/FatFs/src/ff.o
 .debug_info    0x000000000001064e      0x37f ./Middlewares/Third_Party/FatFs/src/ff_gen_drv.o

.debug_abbrev   0x0000000000000000     0x3169
 .debug_abbrev  0x0000000000000000      0x257 ./Core/Src/File_Handling.o
 .debug_abbrev  0x0000000000000257      0x1cc ./Core/Src/bsp_display.o
 .debug_abbrev  0x0000000000000423      0x15c ./Core/Src/bsp_sd_card.o
 .debug_abbrev  0x000000000000057f       0xd3 ./Core/Src/fonts.o
 .debug_abbrev  0x0000000000000652      0x2b0 ./Core/Src/main.o
 .debug_abbrev  0x0000000000000902      0x295 ./Core/Src/st7789.o
 .debug_abbrev  0x0000000000000b97      0x1db ./Core/Src/stm32f4xx_hal_msp.o
 .debug_abbrev  0x0000000000000d72      0x1d8 ./Core/Src/stm32f4xx_it.o
 .debug_abbrev  0x0000000000000f4a       0xbc ./Core/Src/sysmem.o
 .debug_abbrev  0x0000000000001006      0x215 ./Core/Src/system.o
 .debug_abbrev  0x000000000000121b      0x11a ./Core/Src/system_stm32f4xx.o
 .debug_abbrev  0x0000000000001335       0x12 ./Core/Startup/startup_stm32f405rgtx.o
 .debug_abbrev  0x0000000000001347      0x213 ./Drivers/STM32F4xx_HAL_Driver/Src/stm32f4xx_hal.o
 .debug_abbrev  0x000000000000155a      0x327 ./Drivers/STM32F4xx_HAL_Driver/Src/stm32f4xx_hal_cortex.o
 .debug_abbrev  0x0000000000001881      0x264 ./Drivers/STM32F4xx_HAL_Driver/Src/stm32f4xx_hal_dma.o
 .debug_abbrev  0x0000000000001ae5      0x1d4 ./Drivers/STM32F4xx_HAL_Driver/Src/stm32f4xx_hal_gpio.o
 .debug_abbrev  0x0000000000001cb9      0x2b6 ./Drivers/STM32F4xx_HAL_Driver/Src/stm32f4xx_hal_rcc.o
 .debug_abbrev  0x0000000000001f6f      0x297 ./Drivers/STM32F4xx_HAL_Driver/Src/stm32f4xx_hal_sd.o
 .debug_abbrev  0x0000000000002206      0x284 ./Drivers/STM32F4xx_HAL_Driver/Src/stm32f4xx_hal_spi.o
 .debug_abbrev  0x000000000000248a      0x1d6 ./Drivers/STM32F4xx_HAL_Driver/Src/stm32f4xx_ll_sdmmc.o
 .debug_abbrev  0x0000000000002660      0x160 ./FATFS/App/fatfs.o
 .debug_abbrev  0x00000000000027c0      0x276 ./FATFS/Target/bsp_driver_sd.o
 .debug_abbrev  0x0000000000002a36      0x191 ./FATFS/Target/sd_diskio.o
 .debug_abbrev  0x0000000000002bc7      0x181 ./Middlewares/Third_Party/FatFs/src/diskio.o
 .debug_abbrev  0x0000000000002d48      0x282 ./Middlewares/Third_Party/FatFs/src/ff.o
 .debug_abbrev  0x0000000000002fca      0x19f ./Middlewares/Third_Party/FatFs/src/ff_gen_drv.o

.debug_aranges  0x0000000000000000      0xf80
 .debug_aranges
                0x0000000000000000       0x70 ./Core/Src/File_Handling.o
 .debug_aranges
                0x0000000000000070       0x50 ./Core/Src/bsp_display.o
 .debug_aranges
                0x00000000000000c0       0x38 ./Core/Src/bsp_sd_card.o
 .debug_aranges
                0x00000000000000f8       0x18 ./Core/Src/fonts.o
 .debug_aranges
                0x0000000000000110       0x48 ./Core/Src/main.o
 .debug_aranges
                0x0000000000000158       0xd0 ./Core/Src/st7789.o
 .debug_aranges
                0x0000000000000228       0x40 ./Core/Src/stm32f4xx_hal_msp.o
 .debug_aranges
                0x0000000000000268       0x88 ./Core/Src/stm32f4xx_it.o
 .debug_aranges
                0x00000000000002f0       0x20 ./Core/Src/sysmem.o
 .debug_aranges
                0x0000000000000310       0x48 ./Core/Src/system.o
 .debug_aranges
                0x0000000000000358       0x28 ./Core/Src/system_stm32f4xx.o
 .debug_aranges
                0x0000000000000380       0x28 ./Core/Startup/startup_stm32f405rgtx.o
 .debug_aranges
                0x00000000000003a8       0xf0 ./Drivers/STM32F4xx_HAL_Driver/Src/stm32f4xx_hal.o
 .debug_aranges
                0x0000000000000498      0x118 ./Drivers/STM32F4xx_HAL_Driver/Src/stm32f4xx_hal_cortex.o
 .debug_aranges
                0x00000000000005b0       0x90 ./Drivers/STM32F4xx_HAL_Driver/Src/stm32f4xx_hal_dma.o
 .debug_aranges
                0x0000000000000640       0x58 ./Drivers/STM32F4xx_HAL_Driver/Src/stm32f4xx_hal_gpio.o
 .debug_aranges
                0x0000000000000698       0x88 ./Drivers/STM32F4xx_HAL_Driver/Src/stm32f4xx_hal_rcc.o
 .debug_aranges
                0x0000000000000720      0x168 ./Drivers/STM32F4xx_HAL_Driver/Src/stm32f4xx_hal_sd.o
 .debug_aranges
                0x0000000000000888      0x1d0 ./Drivers/STM32F4xx_HAL_Driver/Src/stm32f4xx_hal_spi.o
 .debug_aranges
                0x0000000000000a58      0x188 ./Drivers/STM32F4xx_HAL_Driver/Src/stm32f4xx_ll_sdmmc.o
 .debug_aranges
                0x0000000000000be0       0x28 ./FATFS/App/fatfs.o
 .debug_aranges
                0x0000000000000c08       0xa0 ./FATFS/Target/bsp_driver_sd.o
 .debug_aranges
                0x0000000000000ca8       0x48 ./FATFS/Target/sd_diskio.o
 .debug_aranges
                0x0000000000000cf0       0x48 ./Middlewares/Third_Party/FatFs/src/diskio.o
 .debug_aranges
                0x0000000000000d38      0x208 ./Middlewares/Third_Party/FatFs/src/ff.o
 .debug_aranges
                0x0000000000000f40       0x40 ./Middlewares/Third_Party/FatFs/src/ff_gen_drv.o

.debug_rnglists
                0x0000000000000000      0xba0
 .debug_rnglists
                0x0000000000000000       0x55 ./Core/Src/File_Handling.o
 .debug_rnglists
                0x0000000000000055       0x39 ./Core/Src/bsp_display.o
 .debug_rnglists
                0x000000000000008e       0x25 ./Core/Src/bsp_sd_card.o
 .debug_rnglists
                0x00000000000000b3       0x33 ./Core/Src/main.o
 .debug_rnglists
                0x00000000000000e6       0xa4 ./Core/Src/st7789.o
 .debug_rnglists
                0x000000000000018a       0x2d ./Core/Src/stm32f4xx_hal_msp.o
 .debug_rnglists
                0x00000000000001b7       0x61 ./Core/Src/stm32f4xx_it.o